%Warning-TIMESCALEMOD: results/netlists/fft64_ppa_synth.v:3:8: Timescale missing on this module as other modules have it (IEEE 1800-2023 3.14.2.3)
    3 | module peweaver_ppa_fft64(clock, reset, di_en, di_re, di_im, do_en, do_re, do_im);
      |        ^~~~~~~~~~~~~~~~~~
                       /home/peweaver-user/.volare/sky130A/libs.ref/sky130_fd_sc_hd/verilog/sky130_fd_sc_hd.v:64:8: ... Location of module with timescale
   64 | module sky130_ef_sc_hd__decap_12 ();
      |        ^~~~~~~~~~~~~~~~~~~~~~~~~
                       ... For warning description see https://verilator.org/warn/TIMESCALEMOD?v=5.051
                       ... Use "/* verilator lint_off TIMESCALEMOD */" and lint_on around source to disable this message.
%Warning-WIDTHEXPAND: activity/fft64_activity_tb.sv:144:31: Operator ASSIGN expects 32 bits on the Assign RHS, but Assign RHS's VARREF 'do_re' generates 16 bits.
                                                          : ... note: In instance 'peweaver_fft64_activity_tb'
  144 |                     win_re[0] = do_re;
      |                               ^
                      ... For warning description see https://verilator.org/warn/WIDTHEXPAND?v=5.051
                      ... Use "/* verilator lint_off WIDTHEXPAND */" and lint_on around source to disable this message.
%Warning-WIDTHEXPAND: activity/fft64_activity_tb.sv:145:31: Operator ASSIGN expects 32 bits on the Assign RHS, but Assign RHS's VARREF 'do_im' generates 16 bits.
                                                          : ... note: In instance 'peweaver_fft64_activity_tb'
  145 |                     win_im[0] = do_im;
      |                               ^
%Warning-WIDTHEXPAND: activity/fft64_activity_tb.sv:153:35: Operator ASSIGN expects 32 bits on the Assign RHS, but Assign RHS's VARREF 'do_re' generates 16 bits.
                                                          : ... note: In instance 'peweaver_fft64_activity_tb'
  153 |                     win_re[n_out] = do_re;
      |                                   ^
%Warning-WIDTHEXPAND: activity/fft64_activity_tb.sv:154:35: Operator ASSIGN expects 32 bits on the Assign RHS, but Assign RHS's VARREF 'do_im' generates 16 bits.
                                                          : ... note: In instance 'peweaver_fft64_activity_tb'
  154 |                     win_im[n_out] = do_im;
      |                                   ^
%Warning-WIDTHEXPAND: activity/fft64_activity_tb.sv:178:40: Operator NEQCASE expects 32 bits on the RHS, but RHS's ARRAYSEL generates 16 bits.
                                                          : ... note: In instance 'peweaver_fft64_activity_tb'
  178 |                 if (win_re[bitrev6(n)] !== gmem[2*n]
      |                                        ^~~
%Warning-WIDTHEXPAND: activity/fft64_activity_tb.sv:179:43: Operator NEQCASE expects 32 bits on the RHS, but RHS's ARRAYSEL generates 16 bits.
                                                          : ... note: In instance 'peweaver_fft64_activity_tb'
  179 |                     || win_im[bitrev6(n)] !== gmem[2*n + 1]) begin
      |                                           ^~~
%Warning-WIDTHEXPAND: activity/fft64_activity_tb.sv:207:33: Operator ASSIGN expects 32 bits on the Assign RHS, but Assign RHS's VARREF 'do_re' generates 16 bits.
                                                          : ... note: In instance 'peweaver_fft64_activity_tb'
  207 |                     burst_re[0] = do_re;
      |                                 ^
%Warning-WIDTHEXPAND: activity/fft64_activity_tb.sv:208:33: Operator ASSIGN expects 32 bits on the Assign RHS, but Assign RHS's VARREF 'do_im' generates 16 bits.
                                                          : ... note: In instance 'peweaver_fft64_activity_tb'
  208 |                     burst_im[0] = do_im;
      |                                 ^
%Warning-WIDTHEXPAND: activity/fft64_activity_tb.sv:216:37: Operator ASSIGN expects 32 bits on the Assign RHS, but Assign RHS's VARREF 'do_re' generates 16 bits.
                                                          : ... note: In instance 'peweaver_fft64_activity_tb'
  216 |                     burst_re[n_out] = do_re;
      |                                     ^
%Warning-WIDTHEXPAND: activity/fft64_activity_tb.sv:217:37: Operator ASSIGN expects 32 bits on the Assign RHS, but Assign RHS's VARREF 'do_im' generates 16 bits.
                                                          : ... note: In instance 'peweaver_fft64_activity_tb'
  217 |                     burst_im[n_out] = do_im;
      |                                     ^
%Warning-WIDTHEXPAND: activity/fft64_activity_tb.sv:296:56: Operator NEQCASE expects 32 bits on the RHS, but RHS's ARRAYSEL generates 16 bits.
                                                          : ... note: In instance 'peweaver_fft64_activity_tb'
  296 |                     if (burst_re[w*FRAME + bitrev6(n)] !== gmem[2*n]
      |                                                        ^~~
%Warning-WIDTHEXPAND: activity/fft64_activity_tb.sv:297:59: Operator NEQCASE expects 32 bits on the RHS, but RHS's ARRAYSEL generates 16 bits.
                                                          : ... note: In instance 'peweaver_fft64_activity_tb'
  297 |                         || burst_im[w*FRAME + bitrev6(n)] !== gmem[2*n + 1]) begin
      |                                                           ^~~
make: Entering directory '/home/peweaver-user/Documents/chialoop/chia/examples/peweaver/physical/results/work/verilator_gls'
g++ -Os  -I.  -MMD -I/home/peweaver-user/Documents/chialoop/toolchains/oss-cad-suite/share/verilator/include -I/home/peweaver-user/Documents/chialoop/toolchains/oss-cad-suite/share/verilator/include/vltstd -DVERILATOR=1 -DVM_COVERAGE=0 -DVM_SC=0 -DVM_TIMING=1 -DVM_TRACE=1 -DVM_TRACE_FST=0 -DVM_TRACE_VCD=1 -DVM_TRACE_SAIF=0 -DVM_VPI=0 -faligned-new -fcf-protection=none -Wno-bool-operation -Wno-int-in-bool-context -Wno-shadow -Wno-sign-compare -Wno-subobject-linkage -Wno-tautological-compare -Wno-uninitialized -Wno-unused-but-set-parameter -Wno-unused-but-set-variable -Wno-unused-parameter -Wno-unused-variable    -DVL_TIME_CONTEXT   -fcoroutines -c -o verilated.o /home/peweaver-user/Documents/chialoop/toolchains/oss-cad-suite/share/verilator/include/verilated.cpp
g++ -Os  -I.  -MMD -I/home/peweaver-user/Documents/chialoop/toolchains/oss-cad-suite/share/verilator/include -I/home/peweaver-user/Documents/chialoop/toolchains/oss-cad-suite/share/verilator/include/vltstd -DVERILATOR=1 -DVM_COVERAGE=0 -DVM_SC=0 -DVM_TIMING=1 -DVM_TRACE=1 -DVM_TRACE_FST=0 -DVM_TRACE_VCD=1 -DVM_TRACE_SAIF=0 -DVM_VPI=0 -faligned-new -fcf-protection=none -Wno-bool-operation -Wno-int-in-bool-context -Wno-shadow -Wno-sign-compare -Wno-subobject-linkage -Wno-tautological-compare -Wno-uninitialized -Wno-unused-but-set-parameter -Wno-unused-but-set-variable -Wno-unused-parameter -Wno-unused-variable    -DVL_TIME_CONTEXT   -fcoroutines -c -o verilated_vcd_c.o /home/peweaver-user/Documents/chialoop/toolchains/oss-cad-suite/share/verilator/include/verilated_vcd_c.cpp
g++ -Os  -I.  -MMD -I/home/peweaver-user/Documents/chialoop/toolchains/oss-cad-suite/share/verilator/include -I/home/peweaver-user/Documents/chialoop/toolchains/oss-cad-suite/share/verilator/include/vltstd -DVERILATOR=1 -DVM_COVERAGE=0 -DVM_SC=0 -DVM_TIMING=1 -DVM_TRACE=1 -DVM_TRACE_FST=0 -DVM_TRACE_VCD=1 -DVM_TRACE_SAIF=0 -DVM_VPI=0 -faligned-new -fcf-protection=none -Wno-bool-operation -Wno-int-in-bool-context -Wno-shadow -Wno-sign-compare -Wno-subobject-linkage -Wno-tautological-compare -Wno-uninitialized -Wno-unused-but-set-parameter -Wno-unused-but-set-variable -Wno-unused-parameter -Wno-unused-variable    -DVL_TIME_CONTEXT   -fcoroutines -c -o verilated_timing.o /home/peweaver-user/Documents/chialoop/toolchains/oss-cad-suite/share/verilator/include/verilated_timing.cpp
g++ -Os  -I.  -MMD -I/home/peweaver-user/Documents/chialoop/toolchains/oss-cad-suite/share/verilator/include -I/home/peweaver-user/Documents/chialoop/toolchains/oss-cad-suite/share/verilator/include/vltstd -DVERILATOR=1 -DVM_COVERAGE=0 -DVM_SC=0 -DVM_TIMING=1 -DVM_TRACE=1 -DVM_TRACE_FST=0 -DVM_TRACE_VCD=1 -DVM_TRACE_SAIF=0 -DVM_VPI=0 -faligned-new -fcf-protection=none -Wno-bool-operation -Wno-int-in-bool-context -Wno-shadow -Wno-sign-compare -Wno-subobject-linkage -Wno-tautological-compare -Wno-uninitialized -Wno-unused-but-set-parameter -Wno-unused-but-set-variable -Wno-unused-parameter -Wno-unused-variable    -DVL_TIME_CONTEXT   -fcoroutines -c -o verilated_threads.o /home/peweaver-user/Documents/chialoop/toolchains/oss-cad-suite/share/verilator/include/verilated_threads.cpp
g++ -Os  -I.  -MMD -I/home/peweaver-user/Documents/chialoop/toolchains/oss-cad-suite/share/verilator/include -I/home/peweaver-user/Documents/chialoop/toolchains/oss-cad-suite/share/verilator/include/vltstd -DVERILATOR=1 -DVM_COVERAGE=0 -DVM_SC=0 -DVM_TIMING=1 -DVM_TRACE=1 -DVM_TRACE_FST=0 -DVM_TRACE_VCD=1 -DVM_TRACE_SAIF=0 -DVM_VPI=0 -faligned-new -fcf-protection=none -Wno-bool-operation -Wno-int-in-bool-context -Wno-shadow -Wno-sign-compare -Wno-subobject-linkage -Wno-tautological-compare -Wno-uninitialized -Wno-unused-but-set-parameter -Wno-unused-but-set-variable -Wno-unused-parameter -Wno-unused-variable    -DVL_TIME_CONTEXT   -fcoroutines -c -x c++-header Vpeweaver_fft64_activity_tb__pch.h -o Vpeweaver_fft64_activity_tb__pch.h.fast.gch
g++ -Os  -I.  -MMD -I/home/peweaver-user/Documents/chialoop/toolchains/oss-cad-suite/share/verilator/include -I/home/peweaver-user/Documents/chialoop/toolchains/oss-cad-suite/share/verilator/include/vltstd -DVERILATOR=1 -DVM_COVERAGE=0 -DVM_SC=0 -DVM_TIMING=1 -DVM_TRACE=1 -DVM_TRACE_FST=0 -DVM_TRACE_VCD=1 -DVM_TRACE_SAIF=0 -DVM_VPI=0 -faligned-new -fcf-protection=none -Wno-bool-operation -Wno-int-in-bool-context -Wno-shadow -Wno-sign-compare -Wno-subobject-linkage -Wno-tautological-compare -Wno-uninitialized -Wno-unused-but-set-parameter -Wno-unused-but-set-variable -Wno-unused-parameter -Wno-unused-variable    -DVL_TIME_CONTEXT   -fcoroutines -include Vpeweaver_fft64_activity_tb__pch.h.fast -c Vpeweaver_fft64_activity_tb.cpp
g++ -Os  -I.  -MMD -I/home/peweaver-user/Documents/chialoop/toolchains/oss-cad-suite/share/verilator/include -I/home/peweaver-user/Documents/chialoop/toolchains/oss-cad-suite/share/verilator/include/vltstd -DVERILATOR=1 -DVM_COVERAGE=0 -DVM_SC=0 -DVM_TIMING=1 -DVM_TRACE=1 -DVM_TRACE_FST=0 -DVM_TRACE_VCD=1 -DVM_TRACE_SAIF=0 -DVM_VPI=0 -faligned-new -fcf-protection=none -Wno-bool-operation -Wno-int-in-bool-context -Wno-shadow -Wno-sign-compare -Wno-subobject-linkage -Wno-tautological-compare -Wno-uninitialized -Wno-unused-but-set-parameter -Wno-unused-but-set-variable -Wno-unused-parameter -Wno-unused-variable    -DVL_TIME_CONTEXT   -fcoroutines -include Vpeweaver_fft64_activity_tb__pch.h.fast -c Vpeweaver_fft64_activity_tb___024root__0.cpp
g++ -Os  -I.  -MMD -I/home/peweaver-user/Documents/chialoop/toolchains/oss-cad-suite/share/verilator/include -I/home/peweaver-user/Documents/chialoop/toolchains/oss-cad-suite/share/verilator/include/vltstd -DVERILATOR=1 -DVM_COVERAGE=0 -DVM_SC=0 -DVM_TIMING=1 -DVM_TRACE=1 -DVM_TRACE_FST=0 -DVM_TRACE_VCD=1 -DVM_TRACE_SAIF=0 -DVM_VPI=0 -faligned-new -fcf-protection=none -Wno-bool-operation -Wno-int-in-bool-context -Wno-shadow -Wno-sign-compare -Wno-subobject-linkage -Wno-tautological-compare -Wno-uninitialized -Wno-unused-but-set-parameter -Wno-unused-but-set-variable -Wno-unused-parameter -Wno-unused-variable    -DVL_TIME_CONTEXT   -fcoroutines -include Vpeweaver_fft64_activity_tb__pch.h.fast -c Vpeweaver_fft64_activity_tb___024root__1.cpp
g++ -Os  -I.  -MMD -I/home/peweaver-user/Documents/chialoop/toolchains/oss-cad-suite/share/verilator/include -I/home/peweaver-user/Documents/chialoop/toolchains/oss-cad-suite/share/verilator/include/vltstd -DVERILATOR=1 -DVM_COVERAGE=0 -DVM_SC=0 -DVM_TIMING=1 -DVM_TRACE=1 -DVM_TRACE_FST=0 -DVM_TRACE_VCD=1 -DVM_TRACE_SAIF=0 -DVM_VPI=0 -faligned-new -fcf-protection=none -Wno-bool-operation -Wno-int-in-bool-context -Wno-shadow -Wno-sign-compare -Wno-subobject-linkage -Wno-tautological-compare -Wno-uninitialized -Wno-unused-but-set-parameter -Wno-unused-but-set-variable -Wno-unused-parameter -Wno-unused-variable    -DVL_TIME_CONTEXT   -fcoroutines -include Vpeweaver_fft64_activity_tb__pch.h.fast -c Vpeweaver_fft64_activity_tb___024root__2.cpp
g++ -Os  -I.  -MMD -I/home/peweaver-user/Documents/chialoop/toolchains/oss-cad-suite/share/verilator/include -I/home/peweaver-user/Documents/chialoop/toolchains/oss-cad-suite/share/verilator/include/vltstd -DVERILATOR=1 -DVM_COVERAGE=0 -DVM_SC=0 -DVM_TIMING=1 -DVM_TRACE=1 -DVM_TRACE_FST=0 -DVM_TRACE_VCD=1 -DVM_TRACE_SAIF=0 -DVM_VPI=0 -faligned-new -fcf-protection=none -Wno-bool-operation -Wno-int-in-bool-context -Wno-shadow -Wno-sign-compare -Wno-subobject-linkage -Wno-tautological-compare -Wno-uninitialized -Wno-unused-but-set-parameter -Wno-unused-but-set-variable -Wno-unused-parameter -Wno-unused-variable    -DVL_TIME_CONTEXT   -fcoroutines -include Vpeweaver_fft64_activity_tb__pch.h.fast -c Vpeweaver_fft64_activity_tb___024root__3.cpp
g++ -Os  -I.  -MMD -I/home/peweaver-user/Documents/chialoop/toolchains/oss-cad-suite/share/verilator/include -I/home/peweaver-user/Documents/chialoop/toolchains/oss-cad-suite/share/verilator/include/vltstd -DVERILATOR=1 -DVM_COVERAGE=0 -DVM_SC=0 -DVM_TIMING=1 -DVM_TRACE=1 -DVM_TRACE_FST=0 -DVM_TRACE_VCD=1 -DVM_TRACE_SAIF=0 -DVM_VPI=0 -faligned-new -fcf-protection=none -Wno-bool-operation -Wno-int-in-bool-context -Wno-shadow -Wno-sign-compare -Wno-subobject-linkage -Wno-tautological-compare -Wno-uninitialized -Wno-unused-but-set-parameter -Wno-unused-but-set-variable -Wno-unused-parameter -Wno-unused-variable    -DVL_TIME_CONTEXT   -fcoroutines -include Vpeweaver_fft64_activity_tb__pch.h.fast -c Vpeweaver_fft64_activity_tb___024root__4.cpp
g++ -Os  -I.  -MMD -I/home/peweaver-user/Documents/chialoop/toolchains/oss-cad-suite/share/verilator/include -I/home/peweaver-user/Documents/chialoop/toolchains/oss-cad-suite/share/verilator/include/vltstd -DVERILATOR=1 -DVM_COVERAGE=0 -DVM_SC=0 -DVM_TIMING=1 -DVM_TRACE=1 -DVM_TRACE_FST=0 -DVM_TRACE_VCD=1 -DVM_TRACE_SAIF=0 -DVM_VPI=0 -faligned-new -fcf-protection=none -Wno-bool-operation -Wno-int-in-bool-context -Wno-shadow -Wno-sign-compare -Wno-subobject-linkage -Wno-tautological-compare -Wno-uninitialized -Wno-unused-but-set-parameter -Wno-unused-but-set-variable -Wno-unused-parameter -Wno-unused-variable    -DVL_TIME_CONTEXT   -fcoroutines -include Vpeweaver_fft64_activity_tb__pch.h.fast -c Vpeweaver_fft64_activity_tb___024root__5.cpp
g++ -Os  -I.  -MMD -I/home/peweaver-user/Documents/chialoop/toolchains/oss-cad-suite/share/verilator/include -I/home/peweaver-user/Documents/chialoop/toolchains/oss-cad-suite/share/verilator/include/vltstd -DVERILATOR=1 -DVM_COVERAGE=0 -DVM_SC=0 -DVM_TIMING=1 -DVM_TRACE=1 -DVM_TRACE_FST=0 -DVM_TRACE_VCD=1 -DVM_TRACE_SAIF=0 -DVM_VPI=0 -faligned-new -fcf-protection=none -Wno-bool-operation -Wno-int-in-bool-context -Wno-shadow -Wno-sign-compare -Wno-subobject-linkage -Wno-tautological-compare -Wno-uninitialized -Wno-unused-but-set-parameter -Wno-unused-but-set-variable -Wno-unused-parameter -Wno-unused-variable    -DVL_TIME_CONTEXT   -fcoroutines -include Vpeweaver_fft64_activity_tb__pch.h.fast -c Vpeweaver_fft64_activity_tb___024root__6.cpp
g++ -Os  -I.  -MMD -I/home/peweaver-user/Documents/chialoop/toolchains/oss-cad-suite/share/verilator/include -I/home/peweaver-user/Documents/chialoop/toolchains/oss-cad-suite/share/verilator/include/vltstd -DVERILATOR=1 -DVM_COVERAGE=0 -DVM_SC=0 -DVM_TIMING=1 -DVM_TRACE=1 -DVM_TRACE_FST=0 -DVM_TRACE_VCD=1 -DVM_TRACE_SAIF=0 -DVM_VPI=0 -faligned-new -fcf-protection=none -Wno-bool-operation -Wno-int-in-bool-context -Wno-shadow -Wno-sign-compare -Wno-subobject-linkage -Wno-tautological-compare -Wno-uninitialized -Wno-unused-but-set-parameter -Wno-unused-but-set-variable -Wno-unused-parameter -Wno-unused-variable    -DVL_TIME_CONTEXT   -fcoroutines -include Vpeweaver_fft64_activity_tb__pch.h.fast -c Vpeweaver_fft64_activity_tb___024root__7.cpp
g++ -Os  -I.  -MMD -I/home/peweaver-user/Documents/chialoop/toolchains/oss-cad-suite/share/verilator/include -I/home/peweaver-user/Documents/chialoop/toolchains/oss-cad-suite/share/verilator/include/vltstd -DVERILATOR=1 -DVM_COVERAGE=0 -DVM_SC=0 -DVM_TIMING=1 -DVM_TRACE=1 -DVM_TRACE_FST=0 -DVM_TRACE_VCD=1 -DVM_TRACE_SAIF=0 -DVM_VPI=0 -faligned-new -fcf-protection=none -Wno-bool-operation -Wno-int-in-bool-context -Wno-shadow -Wno-sign-compare -Wno-subobject-linkage -Wno-tautological-compare -Wno-uninitialized -Wno-unused-but-set-parameter -Wno-unused-but-set-variable -Wno-unused-parameter -Wno-unused-variable    -DVL_TIME_CONTEXT   -fcoroutines -include Vpeweaver_fft64_activity_tb__pch.h.fast -c Vpeweaver_fft64_activity_tb__main.cpp
g++ -Os  -I.  -MMD -I/home/peweaver-user/Documents/chialoop/toolchains/oss-cad-suite/share/verilator/include -I/home/peweaver-user/Documents/chialoop/toolchains/oss-cad-suite/share/verilator/include/vltstd -DVERILATOR=1 -DVM_COVERAGE=0 -DVM_SC=0 -DVM_TIMING=1 -DVM_TRACE=1 -DVM_TRACE_FST=0 -DVM_TRACE_VCD=1 -DVM_TRACE_SAIF=0 -DVM_VPI=0 -faligned-new -fcf-protection=none -Wno-bool-operation -Wno-int-in-bool-context -Wno-shadow -Wno-sign-compare -Wno-subobject-linkage -Wno-tautological-compare -Wno-uninitialized -Wno-unused-but-set-parameter -Wno-unused-but-set-variable -Wno-unused-parameter -Wno-unused-variable    -DVL_TIME_CONTEXT   -fcoroutines -include Vpeweaver_fft64_activity_tb__pch.h.fast -c Vpeweaver_fft64_activity_tb__Trace__0.cpp
g++   -I.  -MMD -I/home/peweaver-user/Documents/chialoop/toolchains/oss-cad-suite/share/verilator/include -I/home/peweaver-user/Documents/chialoop/toolchains/oss-cad-suite/share/verilator/include/vltstd -DVERILATOR=1 -DVM_COVERAGE=0 -DVM_SC=0 -DVM_TIMING=1 -DVM_TRACE=1 -DVM_TRACE_FST=0 -DVM_TRACE_VCD=1 -DVM_TRACE_SAIF=0 -DVM_VPI=0 -faligned-new -fcf-protection=none -Wno-bool-operation -Wno-int-in-bool-context -Wno-shadow -Wno-sign-compare -Wno-subobject-linkage -Wno-tautological-compare -Wno-uninitialized -Wno-unused-but-set-parameter -Wno-unused-but-set-variable -Wno-unused-parameter -Wno-unused-variable    -DVL_TIME_CONTEXT   -fcoroutines -c -x c++-header Vpeweaver_fft64_activity_tb__pch.h -o Vpeweaver_fft64_activity_tb__pch.h.slow.gch
g++   -I.  -MMD -I/home/peweaver-user/Documents/chialoop/toolchains/oss-cad-suite/share/verilator/include -I/home/peweaver-user/Documents/chialoop/toolchains/oss-cad-suite/share/verilator/include/vltstd -DVERILATOR=1 -DVM_COVERAGE=0 -DVM_SC=0 -DVM_TIMING=1 -DVM_TRACE=1 -DVM_TRACE_FST=0 -DVM_TRACE_VCD=1 -DVM_TRACE_SAIF=0 -DVM_VPI=0 -faligned-new -fcf-protection=none -Wno-bool-operation -Wno-int-in-bool-context -Wno-shadow -Wno-sign-compare -Wno-subobject-linkage -Wno-tautological-compare -Wno-uninitialized -Wno-unused-but-set-parameter -Wno-unused-but-set-variable -Wno-unused-parameter -Wno-unused-variable    -DVL_TIME_CONTEXT   -fcoroutines -include Vpeweaver_fft64_activity_tb__pch.h.slow -c Vpeweaver_fft64_activity_tb__ConstPool__0__Slow.cpp
g++   -I.  -MMD -I/home/peweaver-user/Documents/chialoop/toolchains/oss-cad-suite/share/verilator/include -I/home/peweaver-user/Documents/chialoop/toolchains/oss-cad-suite/share/verilator/include/vltstd -DVERILATOR=1 -DVM_COVERAGE=0 -DVM_SC=0 -DVM_TIMING=1 -DVM_TRACE=1 -DVM_TRACE_FST=0 -DVM_TRACE_VCD=1 -DVM_TRACE_SAIF=0 -DVM_VPI=0 -faligned-new -fcf-protection=none -Wno-bool-operation -Wno-int-in-bool-context -Wno-shadow -Wno-sign-compare -Wno-subobject-linkage -Wno-tautological-compare -Wno-uninitialized -Wno-unused-but-set-parameter -Wno-unused-but-set-variable -Wno-unused-parameter -Wno-unused-variable    -DVL_TIME_CONTEXT   -fcoroutines -include Vpeweaver_fft64_activity_tb__pch.h.slow -c Vpeweaver_fft64_activity_tb___024root__Slow.cpp
g++   -I.  -MMD -I/home/peweaver-user/Documents/chialoop/toolchains/oss-cad-suite/share/verilator/include -I/home/peweaver-user/Documents/chialoop/toolchains/oss-cad-suite/share/verilator/include/vltstd -DVERILATOR=1 -DVM_COVERAGE=0 -DVM_SC=0 -DVM_TIMING=1 -DVM_TRACE=1 -DVM_TRACE_FST=0 -DVM_TRACE_VCD=1 -DVM_TRACE_SAIF=0 -DVM_VPI=0 -faligned-new -fcf-protection=none -Wno-bool-operation -Wno-int-in-bool-context -Wno-shadow -Wno-sign-compare -Wno-subobject-linkage -Wno-tautological-compare -Wno-uninitialized -Wno-unused-but-set-parameter -Wno-unused-but-set-variable -Wno-unused-parameter -Wno-unused-variable    -DVL_TIME_CONTEXT   -fcoroutines -include Vpeweaver_fft64_activity_tb__pch.h.slow -c Vpeweaver_fft64_activity_tb___024root__0__Slow.cpp
g++   -I.  -MMD -I/home/peweaver-user/Documents/chialoop/toolchains/oss-cad-suite/share/verilator/include -I/home/peweaver-user/Documents/chialoop/toolchains/oss-cad-suite/share/verilator/include/vltstd -DVERILATOR=1 -DVM_COVERAGE=0 -DVM_SC=0 -DVM_TIMING=1 -DVM_TRACE=1 -DVM_TRACE_FST=0 -DVM_TRACE_VCD=1 -DVM_TRACE_SAIF=0 -DVM_VPI=0 -faligned-new -fcf-protection=none -Wno-bool-operation -Wno-int-in-bool-context -Wno-shadow -Wno-sign-compare -Wno-subobject-linkage -Wno-tautological-compare -Wno-uninitialized -Wno-unused-but-set-parameter -Wno-unused-but-set-variable -Wno-unused-parameter -Wno-unused-variable    -DVL_TIME_CONTEXT   -fcoroutines -include Vpeweaver_fft64_activity_tb__pch.h.slow -c Vpeweaver_fft64_activity_tb___024root__1__Slow.cpp
g++   -I.  -MMD -I/home/peweaver-user/Documents/chialoop/toolchains/oss-cad-suite/share/verilator/include -I/home/peweaver-user/Documents/chialoop/toolchains/oss-cad-suite/share/verilator/include/vltstd -DVERILATOR=1 -DVM_COVERAGE=0 -DVM_SC=0 -DVM_TIMING=1 -DVM_TRACE=1 -DVM_TRACE_FST=0 -DVM_TRACE_VCD=1 -DVM_TRACE_SAIF=0 -DVM_VPI=0 -faligned-new -fcf-protection=none -Wno-bool-operation -Wno-int-in-bool-context -Wno-shadow -Wno-sign-compare -Wno-subobject-linkage -Wno-tautological-compare -Wno-uninitialized -Wno-unused-but-set-parameter -Wno-unused-but-set-variable -Wno-unused-parameter -Wno-unused-variable    -DVL_TIME_CONTEXT   -fcoroutines -include Vpeweaver_fft64_activity_tb__pch.h.slow -c Vpeweaver_fft64_activity_tb___024root__2__Slow.cpp
g++   -I.  -MMD -I/home/peweaver-user/Documents/chialoop/toolchains/oss-cad-suite/share/verilator/include -I/home/peweaver-user/Documents/chialoop/toolchains/oss-cad-suite/share/verilator/include/vltstd -DVERILATOR=1 -DVM_COVERAGE=0 -DVM_SC=0 -DVM_TIMING=1 -DVM_TRACE=1 -DVM_TRACE_FST=0 -DVM_TRACE_VCD=1 -DVM_TRACE_SAIF=0 -DVM_VPI=0 -faligned-new -fcf-protection=none -Wno-bool-operation -Wno-int-in-bool-context -Wno-shadow -Wno-sign-compare -Wno-subobject-linkage -Wno-tautological-compare -Wno-uninitialized -Wno-unused-but-set-parameter -Wno-unused-but-set-variable -Wno-unused-parameter -Wno-unused-variable    -DVL_TIME_CONTEXT   -fcoroutines -include Vpeweaver_fft64_activity_tb__pch.h.slow -c Vpeweaver_fft64_activity_tb___024root__3__Slow.cpp
g++   -I.  -MMD -I/home/peweaver-user/Documents/chialoop/toolchains/oss-cad-suite/share/verilator/include -I/home/peweaver-user/Documents/chialoop/toolchains/oss-cad-suite/share/verilator/include/vltstd -DVERILATOR=1 -DVM_COVERAGE=0 -DVM_SC=0 -DVM_TIMING=1 -DVM_TRACE=1 -DVM_TRACE_FST=0 -DVM_TRACE_VCD=1 -DVM_TRACE_SAIF=0 -DVM_VPI=0 -faligned-new -fcf-protection=none -Wno-bool-operation -Wno-int-in-bool-context -Wno-shadow -Wno-sign-compare -Wno-subobject-linkage -Wno-tautological-compare -Wno-uninitialized -Wno-unused-but-set-parameter -Wno-unused-but-set-variable -Wno-unused-parameter -Wno-unused-variable    -DVL_TIME_CONTEXT   -fcoroutines -include Vpeweaver_fft64_activity_tb__pch.h.slow -c Vpeweaver_fft64_activity_tb___024root__4__Slow.cpp
g++   -I.  -MMD -I/home/peweaver-user/Documents/chialoop/toolchains/oss-cad-suite/share/verilator/include -I/home/peweaver-user/Documents/chialoop/toolchains/oss-cad-suite/share/verilator/include/vltstd -DVERILATOR=1 -DVM_COVERAGE=0 -DVM_SC=0 -DVM_TIMING=1 -DVM_TRACE=1 -DVM_TRACE_FST=0 -DVM_TRACE_VCD=1 -DVM_TRACE_SAIF=0 -DVM_VPI=0 -faligned-new -fcf-protection=none -Wno-bool-operation -Wno-int-in-bool-context -Wno-shadow -Wno-sign-compare -Wno-subobject-linkage -Wno-tautological-compare -Wno-uninitialized -Wno-unused-but-set-parameter -Wno-unused-but-set-variable -Wno-unused-parameter -Wno-unused-variable    -DVL_TIME_CONTEXT   -fcoroutines -include Vpeweaver_fft64_activity_tb__pch.h.slow -c Vpeweaver_fft64_activity_tb__Syms__Slow.cpp
g++   -I.  -MMD -I/home/peweaver-user/Documents/chialoop/toolchains/oss-cad-suite/share/verilator/include -I/home/peweaver-user/Documents/chialoop/toolchains/oss-cad-suite/share/verilator/include/vltstd -DVERILATOR=1 -DVM_COVERAGE=0 -DVM_SC=0 -DVM_TIMING=1 -DVM_TRACE=1 -DVM_TRACE_FST=0 -DVM_TRACE_VCD=1 -DVM_TRACE_SAIF=0 -DVM_VPI=0 -faligned-new -fcf-protection=none -Wno-bool-operation -Wno-int-in-bool-context -Wno-shadow -Wno-sign-compare -Wno-subobject-linkage -Wno-tautological-compare -Wno-uninitialized -Wno-unused-but-set-parameter -Wno-unused-but-set-variable -Wno-unused-parameter -Wno-unused-variable    -DVL_TIME_CONTEXT   -fcoroutines -include Vpeweaver_fft64_activity_tb__pch.h.slow -c Vpeweaver_fft64_activity_tb__Trace__0__Slow.cpp
g++   -I.  -MMD -I/home/peweaver-user/Documents/chialoop/toolchains/oss-cad-suite/share/verilator/include -I/home/peweaver-user/Documents/chialoop/toolchains/oss-cad-suite/share/verilator/include/vltstd -DVERILATOR=1 -DVM_COVERAGE=0 -DVM_SC=0 -DVM_TIMING=1 -DVM_TRACE=1 -DVM_TRACE_FST=0 -DVM_TRACE_VCD=1 -DVM_TRACE_SAIF=0 -DVM_VPI=0 -faligned-new -fcf-protection=none -Wno-bool-operation -Wno-int-in-bool-context -Wno-shadow -Wno-sign-compare -Wno-subobject-linkage -Wno-tautological-compare -Wno-uninitialized -Wno-unused-but-set-parameter -Wno-unused-but-set-variable -Wno-unused-parameter -Wno-unused-variable    -DVL_TIME_CONTEXT   -fcoroutines -include Vpeweaver_fft64_activity_tb__pch.h.slow -c Vpeweaver_fft64_activity_tb__TraceDecls__0__Slow.cpp
g++    verilated.o verilated_vcd_c.o verilated_timing.o verilated_threads.o Vpeweaver_fft64_activity_tb__ALL.a    -pthread -lpthread -latomic   -o Vpeweaver_fft64_activity_tb
rm Vpeweaver_fft64_activity_tb__ALL.verilator_deplist.tmp
make: Leaving directory '/home/peweaver-user/Documents/chialoop/chia/examples/peweaver/physical/results/work/verilator_gls'
- V e r i l a t i o n   R e p o r t: Verilator 5.051 devel rev v5.050-281-g1ad9acd22 (mod)
- Verilator: Built from 21.926 MB sources in 472 modules, into 11.647 MB in 21 C++ files needing 0.007 MB
- Verilator: Walltime 67.926 s (elab=0.616, cvt=5.059, bld=61.621); cpu 6.297 s on 1 threads; allocated 372.711 MB
