%Warning-TIMESCALEMOD: /work/peweaver/runs/power_opt_campaign_20260918/examples/peweaver/physical/rtl/peweaver_ppa_shared_fft.v:9:8: Timescale missing on this module as other modules have it (IEEE 1800-2023 3.14.2.3)
    9 | module peweaver_ppa_reset_sync_shared (
      |        ^~~~~~~~~~~~~~~~~~~~~~~~~~~~~~
                       /work/peweaver/runs/power_opt_campaign_20260918/examples/peweaver/physical/rtl/peweaver_shared_fft.v:17:8: ... Location of module with timescale
   17 | module sky130_fd_sc_hd__dlclkp_4 (
      |        ^~~~~~~~~~~~~~~~~~~~~~~~~
                       ... For warning description see https://verilator.org/warn/TIMESCALEMOD?v=5.051
                       ... Use "/* verilator lint_off TIMESCALEMOD */" and lint_on around source to disable this message.
%Warning-TIMESCALEMOD: /work/peweaver/runs/power_opt_campaign_20260918/examples/peweaver/physical/rtl/peweaver_ppa_shared_fft.v:22:8: Timescale missing on this module as other modules have it (IEEE 1800-2023 3.14.2.3)
   22 | module peweaver_ppa_shared_fft (
      |        ^~~~~~~~~~~~~~~~~~~~~~~
                       /work/peweaver/runs/power_opt_campaign_20260918/examples/peweaver/physical/rtl/peweaver_shared_fft.v:17:8: ... Location of module with timescale
   17 | module sky130_fd_sc_hd__dlclkp_4 (
      |        ^~~~~~~~~~~~~~~~~~~~~~~~~
%Warning-WIDTHTRUNC: /work/peweaver/runs/power_opt_campaign_20260918/examples/peweaver/physical/rtl/peweaver_shared_fft.v:643:18: Operator ASSIGNW expects 16 bits on the Assign RHS, but Assign RHS's SHIFTRS generates 32 or 17 bits.
                                                                                                                                : ... note: In instance 'peweaver_shared_activity_tb.dut.u_core.SU2.BF2'
  643 |     assign y0_re = (add_re + RH) >>> 1;
      |                  ^
                     ... For warning description see https://verilator.org/warn/WIDTHTRUNC?v=5.051
                     ... Use "/* verilator lint_off WIDTHTRUNC */" and lint_on around source to disable this message.
%Warning-WIDTHTRUNC: /work/peweaver/runs/power_opt_campaign_20260918/examples/peweaver/physical/rtl/peweaver_shared_fft.v:644:18: Operator ASSIGNW expects 16 bits on the Assign RHS, but Assign RHS's SHIFTRS generates 32 or 17 bits.
                                                                                                                                : ... note: In instance 'peweaver_shared_activity_tb.dut.u_core.SU2.BF2'
  644 |     assign y0_im = (add_im + RH) >>> 1;
      |                  ^
%Warning-WIDTHTRUNC: /work/peweaver/runs/power_opt_campaign_20260918/examples/peweaver/physical/rtl/peweaver_shared_fft.v:645:18: Operator ASSIGNW expects 16 bits on the Assign RHS, but Assign RHS's SHIFTRS generates 32 or 17 bits.
                                                                                                                                : ... note: In instance 'peweaver_shared_activity_tb.dut.u_core.SU2.BF2'
  645 |     assign y1_re = (sub_re + RH) >>> 1;
      |                  ^
%Warning-WIDTHTRUNC: /work/peweaver/runs/power_opt_campaign_20260918/examples/peweaver/physical/rtl/peweaver_shared_fft.v:646:18: Operator ASSIGNW expects 16 bits on the Assign RHS, but Assign RHS's SHIFTRS generates 32 or 17 bits.
                                                                                                                                : ... note: In instance 'peweaver_shared_activity_tb.dut.u_core.SU2.BF2'
  646 |     assign y1_im = (sub_im + RH) >>> 1;
      |                  ^
%Warning-WIDTHTRUNC: /work/peweaver/runs/power_opt_campaign_20260918/examples/peweaver/physical/rtl/peweaver_shared_fft.v:670:37: Operator ASSIGNW expects 16 bits on the Assign RHS, but Assign RHS's SHIFTRS generates 32 bits.
                                                                                                                                : ... note: In instance 'peweaver_shared_activity_tb.dut.u_core.SU2.MU'
  670 |     wire signed [WIDTH-1:0] sc_arbr = arbr >>> (WIDTH-1);
      |                                     ^
%Warning-WIDTHTRUNC: /work/peweaver/runs/power_opt_campaign_20260918/examples/peweaver/physical/rtl/peweaver_shared_fft.v:671:37: Operator ASSIGNW expects 16 bits on the Assign RHS, but Assign RHS's SHIFTRS generates 32 bits.
                                                                                                                                : ... note: In instance 'peweaver_shared_activity_tb.dut.u_core.SU2.MU'
  671 |     wire signed [WIDTH-1:0] sc_arbi = arbi >>> (WIDTH-1);
      |                                     ^
%Warning-WIDTHTRUNC: /work/peweaver/runs/power_opt_campaign_20260918/examples/peweaver/physical/rtl/peweaver_shared_fft.v:672:37: Operator ASSIGNW expects 16 bits on the Assign RHS, but Assign RHS's SHIFTRS generates 32 bits.
                                                                                                                                : ... note: In instance 'peweaver_shared_activity_tb.dut.u_core.SU2.MU'
  672 |     wire signed [WIDTH-1:0] sc_aibr = aibr >>> (WIDTH-1);
      |                                     ^
%Warning-WIDTHTRUNC: /work/peweaver/runs/power_opt_campaign_20260918/examples/peweaver/physical/rtl/peweaver_shared_fft.v:673:37: Operator ASSIGNW expects 16 bits on the Assign RHS, but Assign RHS's SHIFTRS generates 32 bits.
                                                                                                                                : ... note: In instance 'peweaver_shared_activity_tb.dut.u_core.SU2.MU'
  673 |     wire signed [WIDTH-1:0] sc_aibi = aibi >>> (WIDTH-1);
      |                                     ^
%Warning-WIDTHEXPAND: /work/peweaver/runs/power_opt_campaign_20260918/examples/peweaver/physical/activity/shared_activity_tb.sv:70:31: Operator ASSIGN expects 32 bits on the Assign RHS, but Assign RHS's VARREF 'do_re' generates 16 bits.
                                                                                                                                     : ... note: In instance 'peweaver_shared_activity_tb'
   70 |                     win_re[0] = do_re; win_im[0] = do_im; got = 1;
      |                               ^
                      ... For warning description see https://verilator.org/warn/WIDTHEXPAND?v=5.051
                      ... Use "/* verilator lint_off WIDTHEXPAND */" and lint_on around source to disable this message.
%Warning-WIDTHEXPAND: /work/peweaver/runs/power_opt_campaign_20260918/examples/peweaver/physical/activity/shared_activity_tb.sv:70:50: Operator ASSIGN expects 32 bits on the Assign RHS, but Assign RHS's VARREF 'do_im' generates 16 bits.
                                                                                                                                     : ... note: In instance 'peweaver_shared_activity_tb'
   70 |                     win_re[0] = do_re; win_im[0] = do_im; got = 1;
      |                                                  ^
%Warning-WIDTHEXPAND: /work/peweaver/runs/power_opt_campaign_20260918/examples/peweaver/physical/activity/shared_activity_tb.sv:76:33: Operator ASSIGN expects 32 bits on the Assign RHS, but Assign RHS's VARREF 'do_re' generates 16 bits.
                                                                                                                                     : ... note: In instance 'peweaver_shared_activity_tb'
   76 |                     win_re[got] = do_re; win_im[got] = do_im; got++;
      |                                 ^
%Warning-WIDTHEXPAND: /work/peweaver/runs/power_opt_campaign_20260918/examples/peweaver/physical/activity/shared_activity_tb.sv:76:54: Operator ASSIGN expects 32 bits on the Assign RHS, but Assign RHS's VARREF 'do_im' generates 16 bits.
                                                                                                                                     : ... note: In instance 'peweaver_shared_activity_tb'
   76 |                     win_re[got] = do_re; win_im[got] = do_im; got++;
      |                                                      ^
%Warning-WIDTHEXPAND: /work/peweaver/runs/power_opt_campaign_20260918/examples/peweaver/physical/activity/shared_activity_tb.sv:99:38: Operator NEQCASE expects 32 bits on the RHS, but RHS's ARRAYSEL generates 16 bits.
                                                                                                                                     : ... note: In instance 'peweaver_shared_activity_tb'
   99 |                 if (win_re[emission] !== golden[2*bin]
      |                                      ^~~
%Warning-WIDTHEXPAND: /work/peweaver/runs/power_opt_campaign_20260918/examples/peweaver/physical/activity/shared_activity_tb.sv:100:41: Operator NEQCASE expects 32 bits on the RHS, but RHS's ARRAYSEL generates 16 bits.
                                                                                                                                      : ... note: In instance 'peweaver_shared_activity_tb'
  100 |                     || win_im[emission] !== golden[2*bin + 1]) begin
      |                                         ^~~
%Warning-WIDTHEXPAND: /work/peweaver/runs/power_opt_campaign_20260918/examples/peweaver/physical/activity/shared_activity_tb.sv:122:33: Operator ASSIGN expects 32 bits on the Assign RHS, but Assign RHS's VARREF 'do_re' generates 16 bits.
                                                                                                                                      : ... note: In instance 'peweaver_shared_activity_tb'
  122 |                     burst_re[0] = do_re; burst_im[0] = do_im; got = 1;
      |                                 ^
%Warning-WIDTHEXPAND: /work/peweaver/runs/power_opt_campaign_20260918/examples/peweaver/physical/activity/shared_activity_tb.sv:122:54: Operator ASSIGN expects 32 bits on the Assign RHS, but Assign RHS's VARREF 'do_im' generates 16 bits.
                                                                                                                                      : ... note: In instance 'peweaver_shared_activity_tb'
  122 |                     burst_re[0] = do_re; burst_im[0] = do_im; got = 1;
      |                                                      ^
%Warning-WIDTHEXPAND: /work/peweaver/runs/power_opt_campaign_20260918/examples/peweaver/physical/activity/shared_activity_tb.sv:128:35: Operator ASSIGN expects 32 bits on the Assign RHS, but Assign RHS's VARREF 'do_re' generates 16 bits.
                                                                                                                                      : ... note: In instance 'peweaver_shared_activity_tb'
  128 |                     burst_re[got] = do_re; burst_im[got] = do_im; got++;
      |                                   ^
%Warning-WIDTHEXPAND: /work/peweaver/runs/power_opt_campaign_20260918/examples/peweaver/physical/activity/shared_activity_tb.sv:128:58: Operator ASSIGN expects 32 bits on the Assign RHS, but Assign RHS's VARREF 'do_im' generates 16 bits.
                                                                                                                                      : ... note: In instance 'peweaver_shared_activity_tb'
  128 |                     burst_re[got] = do_re; burst_im[got] = do_im; got++;
      |                                                          ^
%Warning-WIDTHEXPAND: /work/peweaver/runs/power_opt_campaign_20260918/examples/peweaver/physical/activity/shared_activity_tb.sv:155:44: Operator NEQCASE expects 32 bits on the RHS, but RHS's ARRAYSEL generates 16 bits.
                                                                                                                                      : ... note: In instance 'peweaver_shared_activity_tb'
  155 |                     if (burst_re[emission] !== golden[2*bin]
      |                                            ^~~
%Warning-WIDTHEXPAND: /work/peweaver/runs/power_opt_campaign_20260918/examples/peweaver/physical/activity/shared_activity_tb.sv:156:47: Operator NEQCASE expects 32 bits on the RHS, but RHS's ARRAYSEL generates 16 bits.
                                                                                                                                      : ... note: In instance 'peweaver_shared_activity_tb'
  156 |                         || burst_im[emission] !== golden[2*bin + 1]) begin
      |                                               ^~~
make: Entering directory '/work/peweaver/runs/power_opt_campaign_20260918/examples/peweaver/physical/results_power_opt/work/verilator_rtl_shared_20260917_185413_113173'
g++ -Os  -I.  -MMD -I/work/peweaver/toolchains/oss-cad-suite/share/verilator/include -I/work/peweaver/toolchains/oss-cad-suite/share/verilator/include/vltstd -DVERILATOR=1 -DVM_COVERAGE=0 -DVM_SC=0 -DVM_TIMING=1 -DVM_TRACE=1 -DVM_TRACE_FST=0 -DVM_TRACE_VCD=1 -DVM_TRACE_SAIF=0 -DVM_VPI=0 -faligned-new -fcf-protection=none -Wno-bool-operation -Wno-int-in-bool-context -Wno-shadow -Wno-sign-compare -Wno-subobject-linkage -Wno-tautological-compare -Wno-uninitialized -Wno-unused-but-set-parameter -Wno-unused-but-set-variable -Wno-unused-parameter -Wno-unused-variable    -DVL_TIME_CONTEXT   -fcoroutines -c -o verilated.o /work/peweaver/toolchains/oss-cad-suite/share/verilator/include/verilated.cpp
g++ -Os  -I.  -MMD -I/work/peweaver/toolchains/oss-cad-suite/share/verilator/include -I/work/peweaver/toolchains/oss-cad-suite/share/verilator/include/vltstd -DVERILATOR=1 -DVM_COVERAGE=0 -DVM_SC=0 -DVM_TIMING=1 -DVM_TRACE=1 -DVM_TRACE_FST=0 -DVM_TRACE_VCD=1 -DVM_TRACE_SAIF=0 -DVM_VPI=0 -faligned-new -fcf-protection=none -Wno-bool-operation -Wno-int-in-bool-context -Wno-shadow -Wno-sign-compare -Wno-subobject-linkage -Wno-tautological-compare -Wno-uninitialized -Wno-unused-but-set-parameter -Wno-unused-but-set-variable -Wno-unused-parameter -Wno-unused-variable    -DVL_TIME_CONTEXT   -fcoroutines -c -o verilated_vcd_c.o /work/peweaver/toolchains/oss-cad-suite/share/verilator/include/verilated_vcd_c.cpp
g++ -Os  -I.  -MMD -I/work/peweaver/toolchains/oss-cad-suite/share/verilator/include -I/work/peweaver/toolchains/oss-cad-suite/share/verilator/include/vltstd -DVERILATOR=1 -DVM_COVERAGE=0 -DVM_SC=0 -DVM_TIMING=1 -DVM_TRACE=1 -DVM_TRACE_FST=0 -DVM_TRACE_VCD=1 -DVM_TRACE_SAIF=0 -DVM_VPI=0 -faligned-new -fcf-protection=none -Wno-bool-operation -Wno-int-in-bool-context -Wno-shadow -Wno-sign-compare -Wno-subobject-linkage -Wno-tautological-compare -Wno-uninitialized -Wno-unused-but-set-parameter -Wno-unused-but-set-variable -Wno-unused-parameter -Wno-unused-variable    -DVL_TIME_CONTEXT   -fcoroutines -c -o verilated_timing.o /work/peweaver/toolchains/oss-cad-suite/share/verilator/include/verilated_timing.cpp
g++ -Os  -I.  -MMD -I/work/peweaver/toolchains/oss-cad-suite/share/verilator/include -I/work/peweaver/toolchains/oss-cad-suite/share/verilator/include/vltstd -DVERILATOR=1 -DVM_COVERAGE=0 -DVM_SC=0 -DVM_TIMING=1 -DVM_TRACE=1 -DVM_TRACE_FST=0 -DVM_TRACE_VCD=1 -DVM_TRACE_SAIF=0 -DVM_VPI=0 -faligned-new -fcf-protection=none -Wno-bool-operation -Wno-int-in-bool-context -Wno-shadow -Wno-sign-compare -Wno-subobject-linkage -Wno-tautological-compare -Wno-uninitialized -Wno-unused-but-set-parameter -Wno-unused-but-set-variable -Wno-unused-parameter -Wno-unused-variable    -DVL_TIME_CONTEXT   -fcoroutines -c -o verilated_threads.o /work/peweaver/toolchains/oss-cad-suite/share/verilator/include/verilated_threads.cpp
python3 /work/peweaver/toolchains/oss-cad-suite/share/verilator/bin/verilator_includer -DVL_INCLUDE_OPT=include Vpeweaver_shared_activity_tb.cpp Vpeweaver_shared_activity_tb___024root__0.cpp Vpeweaver_shared_activity_tb_Twiddle__0.cpp Vpeweaver_shared_activity_tb__main.cpp Vpeweaver_shared_activity_tb__Trace__0.cpp Vpeweaver_shared_activity_tb___024root__Slow.cpp Vpeweaver_shared_activity_tb___024root__0__Slow.cpp Vpeweaver_shared_activity_tb_Twiddle__Slow.cpp Vpeweaver_shared_activity_tb_Twiddle__0__Slow.cpp Vpeweaver_shared_activity_tb__Syms__Slow.cpp Vpeweaver_shared_activity_tb__Trace__0__Slow.cpp Vpeweaver_shared_activity_tb__TraceDecls__0__Slow.cpp > Vpeweaver_shared_activity_tb__ALL.cpp
g++ -Os  -I.  -MMD -I/work/peweaver/toolchains/oss-cad-suite/share/verilator/include -I/work/peweaver/toolchains/oss-cad-suite/share/verilator/include/vltstd -DVERILATOR=1 -DVM_COVERAGE=0 -DVM_SC=0 -DVM_TIMING=1 -DVM_TRACE=1 -DVM_TRACE_FST=0 -DVM_TRACE_VCD=1 -DVM_TRACE_SAIF=0 -DVM_VPI=0 -faligned-new -fcf-protection=none -Wno-bool-operation -Wno-int-in-bool-context -Wno-shadow -Wno-sign-compare -Wno-subobject-linkage -Wno-tautological-compare -Wno-uninitialized -Wno-unused-but-set-parameter -Wno-unused-but-set-variable -Wno-unused-parameter -Wno-unused-variable    -DVL_TIME_CONTEXT   -fcoroutines -c -o Vpeweaver_shared_activity_tb__ALL.o Vpeweaver_shared_activity_tb__ALL.cpp
g++    verilated.o verilated_vcd_c.o verilated_timing.o verilated_threads.o Vpeweaver_shared_activity_tb__ALL.a    -pthread -lpthread -latomic   -o Vpeweaver_shared_activity_tb
rm Vpeweaver_shared_activity_tb__ALL.verilator_deplist.tmp
make: Leaving directory '/work/peweaver/runs/power_opt_campaign_20260918/examples/peweaver/physical/results_power_opt/work/verilator_rtl_shared_20260917_185413_113173'
- V e r i l a t i o n   R e p o r t: Verilator 5.051 devel rev v5.050-281-g1ad9acd22 (mod)
- Verilator: Built from 0.148 MB sources in 13 modules, into 1.175 MB in 12 C++ files needing 0.004 MB
- Verilator: Walltime 12.093 s (elab=0.010, cvt=0.072, bld=11.985); cpu 0.109 s on 1 threads; allocated 27.020 MB
