ERROR: Signal number: 11
Address: 0x8
Program Version: KLayout 0.26.2 (2022-01-13 rLatestSourcePackage)

Backtrace:
/usr/lib/klayout/libklayout_lay.so.0 +0x24b786 lay::SaltDownloadManager::execute(lay::SaltManagerDialog*, lay::Salt&) [??:?]
/lib/x86_64-linux-gnu/libc.so.6 +0x42520 __sigaction [??:?]
/lib/x86_64-linux-gnu/libruby-3.0.so.3.0 +0xbf639 rb_obj_info_dump_loc [??:?]
/usr/lib/klayout/libklayout_rba.so.0 +0x43782 tl::Variant rba::ruby2c<tl::Variant>(unsigned long) [??:?]
/usr/lib/klayout/libklayout_rba.so.0 +0x47ce2 unsigned long rba::c2ruby<tl::Variant>(tl::Variant const&) [??:?]
/usr/lib/klayout/libklayout_rba.so.0 +0x2a78d rba::RubyInterpreter::load_file(std::__cxx11::basic_string<char, std::char_traits<char>, std::allocator<char> > const&) [??:?]
/lib/x86_64-linux-gnu/libruby-3.0.so.3.0 +0x22fc35 rb_dtrace_setup [??:?]
/lib/x86_64-linux-gnu/libruby-3.0.so.3.0 +0x231fc6 rb_vm_localjump_error [??:?]
/lib/x86_64-linux-gnu/libruby-3.0.so.3.0 +0x234c32 rb_check_funcall [??:?]
/lib/x86_64-linux-gnu/libruby-3.0.so.3.0 +0x23a30d rb_vm_exec [??:?]
/lib/x86_64-linux-gnu/libruby-3.0.so.3.0 +0x241295 rb_call_super [??:?]
/lib/x86_64-linux-gnu/libruby-3.0.so.3.0 +0x241da6 rb_funcallv_kw [??:?]
/lib/x86_64-linux-gnu/libruby-3.0.so.3.0 +0x13e1bb rb_class_new_instance_pass_kw [??:?]
/lib/x86_64-linux-gnu/libruby-3.0.so.3.0 +0x22fc35 rb_dtrace_setup [??:?]
/lib/x86_64-linux-gnu/libruby-3.0.so.3.0 +0x231fc6 rb_vm_localjump_error [??:?]
/lib/x86_64-linux-gnu/libruby-3.0.so.3.0 +0x234c32 rb_check_funcall [??:?]
/lib/x86_64-linux-gnu/libruby-3.0.so.3.0 +0x23a30d rb_vm_exec [??:?]
/lib/x86_64-linux-gnu/libruby-3.0.so.3.0 +0x23b072 rb_eval_string [??:?]
/lib/x86_64-linux-gnu/libruby-3.0.so.3.0 +0x23f2f7 rb_vm_invoke_proc [??:?]
/lib/x86_64-linux-gnu/libruby-3.0.so.3.0 +0x24293c rb_funcallv [??:?]
/lib/x86_64-linux-gnu/libruby-3.0.so.3.0 +0xa69ad rb_protect [??:?]
/usr/lib/klayout/libklayout_rba.so.0 +0x40d9e rba::RubyInterpreter::version[abi:cxx11]() const [??:?]
/usr/lib/klayout/libklayout_lym.so.0 +0x2f2e2 lym::Macro::run() const [??:?]
/usr/lib/klayout/libklayout_lym.so.0 +0x2f455 lym::Macro::run() const [??:?]
/usr/lib/klayout/libklayout_lym.so.0 +0x2f401 lym::Macro::run() const [??:?]
/usr/lib/klayout/libklayout_lay.so.0 +0x10e4ed lay::ApplicationBase::init_app() [??:?]
/usr/lib/klayout/klayout +0x4595 ?? [??:0]
/usr/lib/klayout/libklayout_rba.so.0 +0x24944 rba::RubyInterpreter::eval_string(char const*, char const*, int, int) [??:?]
/lib/x86_64-linux-gnu/libruby-3.0.so.3.0 +0x22fc35 rb_dtrace_setup [??:?]
/lib/x86_64-linux-gnu/libruby-3.0.so.3.0 +0x231fc6 rb_vm_localjump_error [??:?]
/lib/x86_64-linux-gnu/libruby-3.0.so.3.0 +0x234c32 rb_check_funcall [??:?]
/lib/x86_64-linux-gnu/libruby-3.0.so.3.0 +0x23a30d rb_vm_exec [??:?]
/lib/x86_64-linux-gnu/libruby-3.0.so.3.0 +0xa5318 rb_check_copyable [??:?]
/lib/x86_64-linux-gnu/libruby-3.0.so.3.0 +0xa8e1a ruby_run_node [??:?]
/usr/lib/klayout/libklayout_rba.so.0 +0x273e2 rba::RubyInterpreter::initialize(int&, char**, int (*)(int&, char**)) [??:?]
/usr/lib/klayout/klayout +0x3d1e ?? [??:0]
/lib/x86_64-linux-gnu/libc.so.6 +0x29d90 __libc_init_first [??:?]
/lib/x86_64-linux-gnu/libc.so.6 +0x29e40 __libc_start_main [??:?]
/usr/lib/klayout/klayout +0x3e95 ?? [??:0]
