Startpoint: _54251_ (rising edge-triggered flip-flop clocked by core_clock)
Endpoint: _54367_ (removal check against rising-edge clock core_clock)
Path Group: asynchronous
Path Type: min

      Delay        Time   Description
-----------------------------------------------------------------
   0.000000    0.000000   clock core_clock (rise edge)
   1.571528    1.571528   clock network delay (propagated)
   0.000000    1.571528 ^ _54251_/CLK (sky130_fd_sc_hd__dfstp_4)
   0.570307    2.141836 v _54251_/Q (sky130_fd_sc_hd__dfstp_4)
   0.138682    2.280518 ^ _50147_/Y (sky130_fd_sc_hd__inv_1)
   0.000099    2.280617 ^ _54367_/RESET_B (sky130_fd_sc_hd__dfrtp_1)
               2.280617   data arrival time

   0.000000    0.000000   clock core_clock (rise edge)
   1.560561    1.560561   clock network delay (propagated)
   0.050000    1.610561   clock uncertainty
   0.000000    1.610561   clock reconvergence pessimism
               1.610561 ^ _54367_/CLK (sky130_fd_sc_hd__dfrtp_1)
   0.330825    1.941386   library removal time
               1.941386   data required time
-----------------------------------------------------------------
               1.941386   data required time
              -2.280617   data arrival time
-----------------------------------------------------------------
               0.339231   slack (MET)


Startpoint: _54251_ (rising edge-triggered flip-flop clocked by core_clock)
Endpoint: _54323_ (removal check against rising-edge clock core_clock)
Path Group: asynchronous
Path Type: min

      Delay        Time   Description
-----------------------------------------------------------------
   0.000000    0.000000   clock core_clock (rise edge)
   1.571528    1.571528   clock network delay (propagated)
   0.000000    1.571528 ^ _54251_/CLK (sky130_fd_sc_hd__dfstp_4)
   0.570307    2.141836 v _54251_/Q (sky130_fd_sc_hd__dfstp_4)
   0.244160    2.385996 v fanout257/X (sky130_fd_sc_hd__buf_4)
   0.075463    2.461459 ^ _50105_/Y (sky130_fd_sc_hd__inv_1)
   0.000048    2.461507 ^ _54323_/RESET_B (sky130_fd_sc_hd__dfrtp_1)
               2.461507   data arrival time

   0.000000    0.000000   clock core_clock (rise edge)
   1.564432    1.564432   clock network delay (propagated)
   0.050000    1.614432   clock uncertainty
   0.000000    1.614432   clock reconvergence pessimism
               1.614432 ^ _54323_/CLK (sky130_fd_sc_hd__dfrtp_1)
   0.327338    1.941771   library removal time
               1.941771   data required time
-----------------------------------------------------------------
               1.941771   data required time
              -2.461507   data arrival time
-----------------------------------------------------------------
               0.519736   slack (MET)


Startpoint: _54251_ (rising edge-triggered flip-flop clocked by core_clock)
Endpoint: _54326_ (removal check against rising-edge clock core_clock)
Path Group: asynchronous
Path Type: min

      Delay        Time   Description
-----------------------------------------------------------------
   0.000000    0.000000   clock core_clock (rise edge)
   1.571528    1.571528   clock network delay (propagated)
   0.000000    1.571528 ^ _54251_/CLK (sky130_fd_sc_hd__dfstp_4)
   0.570307    2.141836 v _54251_/Q (sky130_fd_sc_hd__dfstp_4)
   0.244160    2.385996 v fanout257/X (sky130_fd_sc_hd__buf_4)
   0.075490    2.461486 ^ _50150_/Y (sky130_fd_sc_hd__inv_1)
   0.000079    2.461565 ^ _54326_/RESET_B (sky130_fd_sc_hd__dfrtp_1)
               2.461565   data arrival time

   0.000000    0.000000   clock core_clock (rise edge)
   1.564506    1.564506   clock network delay (propagated)
   0.050000    1.614506   clock uncertainty
   0.000000    1.614506   clock reconvergence pessimism
               1.614506 ^ _54326_/CLK (sky130_fd_sc_hd__dfrtp_1)
   0.327242    1.941747   library removal time
               1.941747   data required time
-----------------------------------------------------------------
               1.941747   data required time
              -2.461565   data arrival time
-----------------------------------------------------------------
               0.519817   slack (MET)


Startpoint: _54251_ (rising edge-triggered flip-flop clocked by core_clock)
Endpoint: _54248_ (removal check against rising-edge clock core_clock)
Path Group: asynchronous
Path Type: min

      Delay        Time   Description
-----------------------------------------------------------------
   0.000000    0.000000   clock core_clock (rise edge)
   1.571528    1.571528   clock network delay (propagated)
   0.000000    1.571528 ^ _54251_/CLK (sky130_fd_sc_hd__dfstp_4)
   0.570307    2.141836 v _54251_/Q (sky130_fd_sc_hd__dfstp_4)
   0.244160    2.385996 v fanout257/X (sky130_fd_sc_hd__buf_4)
   0.076696    2.462692 ^ _50068_/Y (sky130_fd_sc_hd__inv_1)
   0.000090    2.462783 ^ _54248_/RESET_B (sky130_fd_sc_hd__dfrtp_4)
               2.462783   data arrival time

   0.000000    0.000000   clock core_clock (rise edge)
   1.564399    1.564399   clock network delay (propagated)
   0.050000    1.614399   clock uncertainty
   0.000000    1.614399   clock reconvergence pessimism
               1.614399 ^ _54248_/CLK (sky130_fd_sc_hd__dfrtp_4)
   0.327690    1.942089   library removal time
               1.942089   data required time
-----------------------------------------------------------------
               1.942089   data required time
              -2.462783   data arrival time
-----------------------------------------------------------------
               0.520694   slack (MET)


Startpoint: _54251_ (rising edge-triggered flip-flop clocked by core_clock)
Endpoint: _54242_ (removal check against rising-edge clock core_clock)
Path Group: asynchronous
Path Type: min

      Delay        Time   Description
-----------------------------------------------------------------
   0.000000    0.000000   clock core_clock (rise edge)
   1.571528    1.571528   clock network delay (propagated)
   0.000000    1.571528 ^ _54251_/CLK (sky130_fd_sc_hd__dfstp_4)
   0.570307    2.141836 v _54251_/Q (sky130_fd_sc_hd__dfstp_4)
   0.244160    2.385996 v fanout257/X (sky130_fd_sc_hd__buf_4)
   0.078120    2.464115 ^ _50156_/Y (sky130_fd_sc_hd__inv_1)
   0.000131    2.464246 ^ _54242_/RESET_B (sky130_fd_sc_hd__dfrtp_1)
               2.464246   data arrival time

   0.000000    0.000000   clock core_clock (rise edge)
   1.562136    1.562136   clock network delay (propagated)
   0.050000    1.612136   clock uncertainty
   0.000000    1.612136   clock reconvergence pessimism
               1.612136 ^ _54242_/CLK (sky130_fd_sc_hd__dfrtp_1)
   0.328153    1.940289   library removal time
               1.940289   data required time
-----------------------------------------------------------------
               1.940289   data required time
              -2.464246   data arrival time
-----------------------------------------------------------------
               0.523957   slack (MET)


