     Internal    Switching      Leakage        Total
        Power        Power        Power        Power (Watts)
----------------------------------------------------
 7.288384e-07 1.139854e-05 7.741820e-12 1.212738e-05 _51970_
 4.700691e-07 7.367536e-06 7.802167e-12 7.837613e-06 _51955_
 3.187106e-07 5.112701e-06 7.824111e-12 5.431420e-06 _51959_
 3.182608e-07 5.103114e-06 7.824111e-12 5.421382e-06 _51961_
 3.173326e-07 5.092096e-06 7.824111e-12 5.409437e-06 _51960_
 3.171125e-07 5.078934e-06 7.824111e-12 5.396055e-06 _51964_
 3.179094e-07 5.067773e-06 7.824111e-12 5.385690e-06 _51962_
 3.179092e-07 5.049978e-06 7.824111e-12 5.367895e-06 _51957_
 3.186451e-07 5.036326e-06 7.824111e-12 5.354979e-06 _51956_
 3.185675e-07 5.030997e-06 7.824111e-12 5.349572e-06 _51963_
 3.211667e-07 5.025409e-06 7.824111e-12 5.346583e-06 _53062_
 3.306519e-07 5.004389e-06 7.824111e-12 5.335048e-06 _51966_
 3.181776e-07 5.000706e-06 7.824111e-12 5.318891e-06 _51965_
 3.186080e-07 4.997438e-06 7.824111e-12 5.316053e-06 _51958_
 3.264618e-07 4.978766e-06 7.824111e-12 5.305235e-06 _51968_
 3.294559e-07 4.972827e-06 7.824111e-12 5.302290e-06 _51967_
 3.221336e-07 4.972661e-06 7.824111e-12 5.294803e-06 _51969_
 2.073256e-07 3.201422e-06 7.840569e-12 3.408755e-06 _51944_
 2.080602e-07 3.180603e-06 7.840569e-12 3.388671e-06 _51952_
 2.076033e-07 3.169866e-06 7.840569e-12 3.377477e-06 _51949_
 2.073612e-07 3.170102e-06 7.840569e-12 3.377471e-06 _51942_
 2.079271e-07 3.167292e-06 7.840569e-12 3.375226e-06 _51953_
 2.080478e-07 3.160397e-06 7.840569e-12 3.368453e-06 _51945_
 2.075324e-07 3.158193e-06 7.840569e-12 3.365733e-06 _51943_
 2.073750e-07 3.149255e-06 7.840569e-12 3.356638e-06 _51951_
 2.080402e-07 3.119724e-06 7.840569e-12 3.327772e-06 _51948_
 2.076733e-07 3.108566e-06 7.840569e-12 3.316247e-06 _51946_
 2.086546e-07 3.104965e-06 7.840569e-12 3.313627e-06 _51950_
 2.080819e-07 3.082125e-06 7.840569e-12 3.290215e-06 _51947_
 1.705778e-07 2.581091e-06 7.846055e-12 2.751676e-06 _51954_
 6.638905e-07 5.343850e-07 4.766371e-12 1.198280e-06 _45557_
 4.705828e-07 6.426606e-07 1.652048e-12 1.113245e-06 _46011_
 6.778910e-07 2.947594e-07 4.832750e-12 9.726554e-07 _60370_
 6.779987e-07 2.866184e-07 4.832750e-12 9.646220e-07 _60365_
 6.749489e-07 2.641745e-07 4.832750e-12 9.391281e-07 _60360_
 5.793443e-08 8.516294e-07 7.862514e-12 9.095716e-07 _51941_
 5.594703e-07 2.882129e-07 1.862503e-12 8.476850e-07 _46515_
 2.739795e-07 5.550924e-07 1.935061e-12 8.290738e-07 _45537_
 2.768235e-07 5.315052e-07 1.935061e-12 8.083307e-07 _45094_
 5.542950e-07 2.447389e-07 1.862503e-12 7.990358e-07 _45555_
 3.420905e-07 4.123960e-07 4.766371e-12 7.544913e-07 _45115_
 5.080781e-08 6.990566e-07 6.814677e-12 7.498712e-07 _53060_
 2.756017e-07 4.552733e-07 1.935061e-12 7.308769e-07 _46495_
 4.085290e-07 2.830329e-07 1.589765e-12 6.915635e-07 _52955_
 1.824173e-07 4.544863e-07 4.896023e-12 6.369085e-07 _45243_
 2.636129e-07 3.178003e-07 1.664116e-12 5.814149e-07 _45551_
 3.416556e-07 1.599025e-07 4.832750e-12 5.015629e-07 _60369_
 1.686705e-07 3.224515e-07 3.546559e-12 4.911255e-07 _45556_
 1.707150e-07 3.167544e-07 3.546559e-12 4.874730e-07 _46516_
 3.400326e-07 1.469915e-07 4.832750e-12 4.870289e-07 _60364_
 3.369485e-07 1.180893e-07 4.832750e-12 4.550426e-07 _60359_
 3.196472e-07 1.122290e-07 4.766371e-12 4.318809e-07 _45589_
 1.413321e-07 2.901204e-07 1.929072e-12 4.314544e-07 _45538_
 2.597354e-07 1.686717e-07 1.664116e-12 4.284088e-07 _46511_
 2.769121e-07 1.493223e-07 1.907602e-12 4.262363e-07 _46512_
 1.688672e-07 2.411464e-07 3.546559e-12 4.100172e-07 _46010_
 1.672195e-07 2.362725e-07 3.546559e-12 4.034956e-07 _45114_
 2.777376e-07 1.247566e-07 1.822415e-12 4.024961e-07 _45552_
 2.622655e-07 1.343243e-07 1.947786e-12 3.965918e-07 _52908_
 1.680498e-07 2.278477e-07 3.546559e-12 3.959011e-07 _52954_
 2.503632e-07 1.450602e-07 1.664116e-12 3.954251e-07 _45109_
 1.412839e-07 2.457730e-07 1.929072e-12 3.870588e-07 _45095_
 6.084041e-08 3.086295e-07 6.283513e-12 3.694762e-07 _45638_
 6.021768e-08 3.019253e-07 6.283513e-12 3.621493e-07 _45643_
 1.079786e-07 2.435335e-07 6.122799e-12 3.515182e-07 _45444_
 1.147309e-07 2.353118e-07 5.023148e-12 3.500478e-07 _45215_
 6.043304e-08 2.775178e-07 6.283513e-12 3.379571e-07 _45651_
 1.412479e-07 1.865304e-07 1.929072e-12 3.277802e-07 _46496_
 7.902524e-08 2.295958e-07 6.231314e-12 3.086272e-07 _45163_
 6.031446e-08 2.475637e-07 6.301474e-12 3.078844e-07 _45625_
 2.070270e-08 2.857278e-07 7.868000e-12 3.064384e-07 _53061_
 1.139953e-07 1.874100e-07 6.140886e-12 3.014114e-07 _45321_
 7.910601e-08 2.190349e-07 6.267485e-12 2.981472e-07 _45233_
 5.955711e-08 2.374811e-07 6.283513e-12 2.970444e-07 _45630_
 5.930212e-08 2.358743e-07 6.283513e-12 2.951827e-07 _45656_
 7.882405e-08 2.107172e-07 6.231314e-12 2.895475e-07 _45206_
 1.402639e-07 1.488907e-07 6.114002e-12 2.891608e-07 _51607_
 5.278108e-08 2.347692e-07 6.340677e-12 2.875566e-07 _52957_
 7.888347e-08 2.004343e-07 6.231314e-12 2.793240e-07 _45172_
 7.871383e-08 1.972305e-07 6.231314e-12 2.759506e-07 _45180_
 7.866650e-08 1.956133e-07 6.231314e-12 2.742860e-07 _45197_
 1.132507e-07 1.594887e-07 6.140886e-12 2.727456e-07 _45315_
 7.877724e-08 1.932591e-07 6.231314e-12 2.720426e-07 _45224_
 7.874810e-08 1.911969e-07 6.231314e-12 2.699512e-07 _45189_
 7.848992e-08 1.912641e-07 6.231314e-12 2.697603e-07 _45155_
 7.862855e-08 1.901801e-07 6.231314e-12 2.688149e-07 _45147_
 8.534722e-08 1.680934e-07 6.213228e-12 2.534468e-07 _45356_
 8.550466e-08 1.656749e-07 6.213228e-12 2.511858e-07 _45330_
 1.311818e-07 1.186583e-07 6.140886e-12 2.498463e-07 _46203_
 8.538554e-08 1.632666e-07 6.213228e-12 2.486584e-07 _45381_
 1.717023e-07 7.681570e-08 4.832750e-12 2.485228e-07 _60368_
 7.814096e-08 1.702705e-07 6.231314e-12 2.484177e-07 _45139_
 8.507117e-08 1.629250e-07 6.213228e-12 2.480024e-07 _45347_
 1.680300e-07 7.862643e-08 6.390003e-12 2.466629e-07 _46466_
 9.278578e-08 1.527473e-07 1.603291e-12 2.455347e-07 _46154_
 1.711599e-07 7.411177e-08 4.832750e-12 2.452765e-07 _60363_
 1.717800e-07 7.321781e-08 4.832750e-12 2.450026e-07 _60358_
 7.849783e-08 1.663531e-07 6.231314e-12 2.448572e-07 _45131_
 9.278963e-08 1.517188e-07 1.603291e-12 2.445100e-07 _46066_
 6.416245e-08 1.781124e-07 6.368255e-12 2.422812e-07 _51581_
 8.747741e-08 1.529963e-07 1.436265e-12 2.404752e-07 _45853_
 8.501716e-08 1.543324e-07 6.213228e-12 2.393558e-07 _45398_
 8.528384e-08 1.539991e-07 6.213228e-12 2.392891e-07 _45364_
 8.748735e-08 1.496586e-07 1.436265e-12 2.371474e-07 _45962_
 9.256128e-08 1.437333e-07 1.603291e-12 2.362962e-07 _46132_
 8.436542e-08 1.515394e-07 3.546559e-12 2.359083e-07 _52909_
 9.259926e-08 1.427478e-07 1.603291e-12 2.353487e-07 _46110_
 9.261420e-08 1.422508e-07 1.603291e-12 2.348666e-07 _46198_
 6.406589e-08 1.700828e-07 6.368255e-12 2.341551e-07 _51558_
 9.258842e-08 1.408790e-07 1.603291e-12 2.334690e-07 _46077_
 5.007273e-08 1.832542e-07 6.445909e-12 2.333334e-07 _45734_
 9.260408e-08 1.405530e-07 1.603291e-12 2.331586e-07 _46176_
 3.144392e-08 2.016888e-07 6.666666e-12 2.331394e-07 _45612_
 9.256625e-08 1.400125e-07 1.603291e-12 2.325804e-07 _46088_
 8.746954e-08 1.447450e-07 1.436265e-12 2.322160e-07 _45896_
 8.745165e-08 1.441722e-07 1.436265e-12 2.316253e-07 _45918_
 8.741864e-08 1.439101e-07 1.436265e-12 2.313302e-07 _45940_
 3.890446e-08 1.912395e-07 6.443452e-12 2.301504e-07 _45740_
 8.732690e-08 1.427901e-07 1.436265e-12 2.301185e-07 _45874_
 9.252875e-08 1.368822e-07 1.854371e-12 2.294128e-07 _46247_
 3.902344e-08 1.903543e-07 6.443452e-12 2.293842e-07 _45748_
 8.519603e-08 1.398653e-07 6.213228e-12 2.250676e-07 _45416_
 6.388065e-08 1.600590e-07 6.368255e-12 2.239460e-07 _51605_
 1.394695e-07 8.392075e-08 1.927647e-12 2.233922e-07 _46508_
 7.426254e-08 1.485171e-07 1.363597e-12 2.227810e-07 _45832_
 8.716277e-08 1.337290e-07 1.436265e-12 2.208932e-07 _45885_
 9.230455e-08 1.280527e-07 1.603291e-12 2.203588e-07 _46143_
 6.381898e-08 1.551273e-07 6.368255e-12 2.189526e-07 _51598_
 8.516007e-08 1.332559e-07 6.213228e-12 2.184222e-07 _45407_
 9.234513e-08 1.257004e-07 1.603291e-12 2.180471e-07 _46099_
 3.168175e-08 1.856460e-07 6.660148e-12 2.173344e-07 _45604_
 6.906967e-08 1.482422e-07 3.116117e-13 2.173122e-07 _46199_
 1.281609e-07 8.810213e-08 1.830998e-12 2.162649e-07 _46507_
 6.388205e-08 1.506842e-07 6.368255e-12 2.145726e-07 _51530_
 9.218376e-08 1.219757e-07 1.603291e-12 2.141610e-07 _46165_
 8.489008e-08 1.286897e-07 6.213228e-12 2.135860e-07 _45339_
 6.375939e-08 1.493202e-07 6.368255e-12 2.130860e-07 _51570_
 1.388675e-07 7.227405e-08 1.927647e-12 2.111435e-07 _45548_
 6.367776e-08 1.465488e-07 6.368255e-12 2.102330e-07 _51585_
 1.271696e-07 8.231962e-08 1.830998e-12 2.094911e-07 _45547_
 8.710194e-08 1.223238e-07 1.436265e-12 2.094272e-07 _45907_
 8.703552e-08 1.221524e-07 1.436265e-12 2.091894e-07 _45951_
 8.682268e-08 1.212915e-07 1.689281e-12 2.081159e-07 _45842_
 4.572646e-08 1.617209e-07 6.416012e-12 2.074538e-07 _52933_
 8.476562e-08 1.213981e-07 6.213228e-12 2.061699e-07 _45425_
 8.697971e-08 1.182360e-07 1.436265e-12 2.052172e-07 _45929_
 9.203927e-08 1.112685e-07 1.603291e-12 2.033093e-07 _46121_
 7.475779e-08 1.280622e-07 3.573542e-13 2.028203e-07 _46379_
 9.210577e-08 1.096721e-07 1.603291e-12 2.017794e-07 _46187_
 8.451173e-08 1.166166e-07 6.213228e-12 2.011346e-07 _45390_
 8.585012e-08 1.143899e-07 2.485895e-12 2.002425e-07 _45480_
 6.353628e-08 1.363974e-07 6.368255e-12 1.999401e-07 _51588_
 6.365939e-08 1.362403e-07 6.357914e-12 1.999060e-07 _46200_
 8.450220e-08 1.153468e-07 6.213228e-12 1.998552e-07 _45373_
 6.353372e-08 1.362513e-07 6.368255e-12 1.997914e-07 _51601_
 1.388050e-07 6.090551e-08 1.862503e-12 1.997124e-07 _52975_
 6.357843e-08 1.360994e-07 6.368255e-12 1.996842e-07 _51542_
 3.889436e-08 1.581478e-07 6.443452e-12 1.970486e-07 _45762_
 8.356068e-08 1.109403e-07 1.656389e-12 1.945026e-07 _45975_
 9.173363e-08 1.027013e-07 1.854371e-12 1.944368e-07 _46211_
 3.663544e-08 1.575633e-07 6.542159e-12 1.942053e-07 _45681_
 3.178507e-08 1.590763e-07 6.660148e-12 1.908680e-07 _45617_
 8.652754e-08 1.041694e-07 1.689281e-12 1.906986e-07 _45863_
 6.345388e-08 1.269035e-07 6.368255e-12 1.903638e-07 _51574_
 4.648470e-08 1.430298e-07 6.322493e-12 1.895208e-07 _45825_
 9.102427e-08 9.820883e-08 6.300755e-12 1.892394e-07 _51397_
 3.096280e-08 1.571230e-07 6.660148e-12 1.880924e-07 _45666_
 7.250968e-08 1.124627e-07 1.926078e-12 1.849743e-07 _46497_
 8.336261e-08 1.013246e-07 6.213228e-12 1.846934e-07 _45434_
 7.212939e-08 1.120973e-07 1.926078e-12 1.842286e-07 _45096_
 1.249695e-07 5.538068e-08 1.830998e-12 1.803520e-07 _45105_
 3.773701e-08 1.371495e-07 6.443452e-12 1.748930e-07 _45754_
 3.775794e-08 1.346192e-07 6.443452e-12 1.723836e-07 _45794_
 1.487087e-07 2.336980e-08 1.696661e-12 1.720802e-07 _46287_
 3.751847e-08 1.331133e-07 6.443452e-12 1.706382e-07 _45768_
 6.317840e-08 1.048780e-07 6.368255e-12 1.680627e-07 _51563_
 6.301516e-08 1.026236e-07 6.368255e-12 1.656451e-07 _51534_
 3.149578e-08 1.324496e-07 6.660148e-12 1.639521e-07 _45661_
 6.324423e-08 9.904920e-08 6.368255e-12 1.622998e-07 _51551_
 6.238663e-08 9.741066e-08 1.924082e-12 1.597992e-07 _46145_
 1.165246e-07 4.208425e-08 6.608992e-12 1.586154e-07 _46378_
 6.238466e-08 9.621043e-08 1.924082e-12 1.585970e-07 _46178_
 6.238916e-08 9.606502e-08 1.924082e-12 1.584561e-07 _46101_
 4.182905e-08 1.164401e-07 6.418737e-12 1.582756e-07 _51351_
 8.208011e-08 7.358774e-08 6.267485e-12 1.556741e-07 _45967_
 9.653601e-08 5.875037e-08 1.525382e-12 1.552879e-07 _51321_
 6.232160e-08 9.250041e-08 1.924082e-12 1.548239e-07 _46112_
 6.756634e-08 8.492612e-08 3.116117e-13 1.524928e-07 _46245_
 6.246359e-08 8.909540e-08 1.924082e-12 1.515609e-07 _46090_
 6.224811e-08 8.901504e-08 1.924082e-12 1.512651e-07 _46134_
 4.862112e-08 1.024759e-07 1.743842e-13 1.510972e-07 _45855_
 3.114316e-08 1.195482e-07 6.660148e-12 1.506981e-07 _45671_
 6.229967e-08 8.712619e-08 1.924082e-12 1.494278e-07 _46079_
 6.237175e-08 8.518420e-08 1.924082e-12 1.475579e-07 _46061_
 6.270167e-08 8.470958e-08 6.357914e-12 1.474176e-07 _46133_
 5.671019e-08 9.065811e-08 1.924206e-12 1.473702e-07 _45953_
 6.278481e-08 8.443032e-08 6.357914e-12 1.472215e-07 _46243_
 6.249310e-08 8.452224e-08 1.924082e-12 1.470173e-07 _46123_
 6.227936e-08 8.417244e-08 1.924082e-12 1.464537e-07 _46156_
 5.666177e-08 8.972734e-08 1.924206e-12 1.463910e-07 _45865_
 6.244861e-08 8.349660e-08 1.924082e-12 1.459471e-07 _46189_
 6.240625e-08 8.322807e-08 1.924082e-12 1.456362e-07 _46167_
 6.254960e-08 8.307224e-08 6.357914e-12 1.456282e-07 _46155_
 5.671243e-08 8.843423e-08 1.924206e-12 1.451486e-07 _45876_
 6.228579e-08 8.279410e-08 1.924082e-12 1.450818e-07 _46068_
 5.610026e-08 8.897672e-08 2.750177e-13 1.450772e-07 _46204_
 5.666342e-08 8.763260e-08 1.924206e-12 1.442979e-07 _45942_
 6.253818e-08 8.121712e-08 6.357914e-12 1.437617e-07 _46078_
 6.244861e-08 7.944541e-08 6.357914e-12 1.419004e-07 _46067_
 4.302102e-08 9.830273e-08 3.546559e-12 1.413273e-07 _52976_
 7.118164e-08 6.907716e-08 1.926078e-12 1.402607e-07 _45539_
 5.924312e-08 8.094049e-08 2.658692e-13 1.401839e-07 _46290_
 3.677158e-08 1.029642e-07 6.443452e-12 1.397422e-07 _45800_
 5.666652e-08 8.296337e-08 1.924206e-12 1.396318e-07 _45887_
 4.868094e-08 9.058270e-08 6.357914e-12 1.392700e-07 _45964_
 5.660402e-08 8.254354e-08 1.924206e-12 1.391495e-07 _45844_
 4.846153e-08 9.037630e-08 1.743842e-13 1.388380e-07 _45834_
 6.293878e-08 7.524412e-08 6.368255e-12 1.381893e-07 _51684_
 5.551995e-08 8.183820e-08 6.339828e-12 1.373645e-07 _45833_
 6.216099e-08 7.483626e-08 6.357914e-12 1.370036e-07 _46144_
 5.667192e-08 7.988914e-08 1.924206e-12 1.365630e-07 _45920_
 4.168634e-08 9.450724e-08 6.418737e-12 1.362000e-07 _51346_
 6.192479e-08 7.396379e-08 6.357914e-12 1.358949e-07 _46177_
 6.202570e-08 7.267894e-08 6.357914e-12 1.347110e-07 _46111_
 6.191424e-08 7.275053e-08 6.357914e-12 1.346711e-07 _46100_
 5.662104e-08 7.798458e-08 1.924206e-12 1.346075e-07 _45931_
 5.653562e-08 7.720990e-08 1.924206e-12 1.337474e-07 _45909_
 8.455534e-08 4.917177e-08 2.086083e-12 1.337292e-07 _52948_
 8.880698e-08 4.357037e-08 2.450127e-12 1.323798e-07 _45314_
 3.623553e-08 9.587390e-08 6.443452e-12 1.321159e-07 _45820_
 8.790420e-08 4.395323e-08 4.832750e-12 1.318623e-07 _60362_
 4.166416e-08 8.864028e-08 6.418737e-12 1.303109e-07 _51373_
 4.144043e-08 8.842007e-08 6.418737e-12 1.298669e-07 _51335_
 5.541576e-08 7.350996e-08 6.339828e-12 1.289321e-07 _45854_
 4.145453e-08 8.675326e-08 6.418737e-12 1.282142e-07 _51369_
 8.751778e-08 4.017600e-08 4.832750e-12 1.276986e-07 _60367_
 5.650941e-08 7.042011e-08 1.924206e-12 1.269314e-07 _45898_
 1.073732e-07 1.923086e-08 1.510654e-12 1.266056e-07 _46057_
 4.909081e-08 7.748581e-08 6.814677e-12 1.265834e-07 _52982_
 6.136381e-08 6.399451e-08 6.357914e-12 1.253647e-07 _46060_
 8.669200e-08 3.770968e-08 4.832750e-12 1.244065e-07 _60357_
 4.824960e-08 7.607468e-08 2.201269e-13 1.243245e-07 _45859_
 5.486247e-08 6.890274e-08 6.339828e-12 1.237715e-07 _45908_
 5.487458e-08 6.778343e-08 6.339828e-12 1.226643e-07 _45843_
 4.127070e-08 8.125276e-08 6.418737e-12 1.225299e-07 _51376_
 5.476481e-08 6.704747e-08 6.339828e-12 1.218186e-07 _45897_
 4.144264e-08 7.970909e-08 6.418737e-12 1.211582e-07 _51388_
 5.652265e-08 6.425649e-08 2.520724e-12 1.207816e-07 _45289_
 4.817849e-08 7.222146e-08 2.201269e-13 1.204002e-07 _45838_
 6.299537e-08 5.708058e-08 2.507409e-12 1.200785e-07 _45502_
 6.692456e-08 5.305004e-08 3.116117e-13 1.199749e-07 _46162_
 4.126382e-08 7.812815e-08 6.418737e-12 1.193984e-07 _51358_
 6.090271e-08 5.811921e-08 6.357914e-12 1.190283e-07 _46166_
 6.291803e-08 5.474493e-08 2.507409e-12 1.176655e-07 _45490_
 3.584949e-08 8.033947e-08 6.443452e-12 1.161954e-07 _45774_
 3.402548e-08 8.093978e-08 6.376000e-12 1.149716e-07 _45122_
 6.291695e-08 5.187845e-08 2.507409e-12 1.147979e-07 _45500_
 6.071895e-08 5.226319e-08 6.357914e-12 1.129885e-07 _46089_
 4.115609e-08 7.180964e-08 6.418737e-12 1.129722e-07 _51328_
 2.588513e-08 8.684965e-08 6.765496e-12 1.127415e-07 _46441_
 7.647288e-08 3.598642e-08 2.484993e-12 1.124618e-07 _45511_
 6.050735e-08 5.191105e-08 6.357914e-12 1.124248e-07 _46122_
 3.576989e-08 7.603269e-08 6.443452e-12 1.118090e-07 _45808_
 5.428927e-08 5.741866e-08 6.339828e-12 1.117143e-07 _45864_
 6.304806e-08 4.813638e-08 1.474176e-12 1.111859e-07 _48968_
 6.060488e-08 5.027034e-08 6.357914e-12 1.108816e-07 _46188_
 4.117423e-08 6.964724e-08 6.418737e-12 1.108279e-07 _51339_
 5.107612e-08 5.925150e-08 1.652357e-13 1.103278e-07 _46244_
 4.859337e-08 6.145135e-08 2.109782e-13 1.100449e-07 _45968_
 4.133845e-08 6.866668e-08 6.418737e-12 1.100115e-07 _51379_
 4.118256e-08 6.836120e-08 6.418737e-12 1.095502e-07 _51362_
 6.662521e-08 4.276012e-08 3.116117e-13 1.093857e-07 _46107_
 8.751981e-08 2.151772e-08 6.691563e-12 1.090442e-07 _52951_
 6.665240e-08 4.091793e-08 3.116117e-13 1.075706e-07 _46129_
 2.585741e-08 8.169031e-08 6.765496e-12 1.075545e-07 _46463_
 6.656478e-08 4.069021e-08 3.116117e-13 1.072553e-07 _46085_
 6.660169e-08 4.060212e-08 3.116117e-13 1.072041e-07 _46074_
 6.657972e-08 4.054743e-08 3.116117e-13 1.071275e-07 _46151_
 5.403135e-08 5.301274e-08 6.339828e-12 1.070504e-07 _45941_
 6.660029e-08 3.999854e-08 3.116117e-13 1.065991e-07 _46140_
 5.404199e-08 5.183673e-08 6.339828e-12 1.058851e-07 _45930_
 6.648797e-08 3.873081e-08 3.116117e-13 1.052191e-07 _46195_
 6.660200e-08 3.784995e-08 3.116117e-13 1.044523e-07 _46118_
 4.238325e-08 6.198115e-08 3.534250e-12 1.043679e-07 _46289_
 3.388105e-08 7.036927e-08 6.412171e-12 1.042567e-07 _45116_
 6.653718e-08 3.770253e-08 3.116117e-13 1.042400e-07 _46173_
 6.651675e-08 3.739524e-08 3.116117e-13 1.039123e-07 _46063_
 6.252873e-08 4.096648e-08 2.507409e-12 1.034977e-07 _45504_
 5.380340e-08 4.879877e-08 6.339828e-12 1.026085e-07 _45886_
 6.639797e-08 3.558678e-08 3.116117e-13 1.019851e-07 _46096_
 6.645428e-08 3.530374e-08 3.116117e-13 1.017583e-07 _46184_
 6.310745e-08 3.852547e-08 6.633511e-12 1.016396e-07 _45545_
 6.239950e-08 3.827648e-08 2.507409e-12 1.006785e-07 _45506_
 6.901334e-08 3.138216e-08 1.947691e-12 1.003974e-07 _45546_
 4.701433e-08 5.336906e-08 6.521274e-12 1.003899e-07 _52899_
 2.844215e-08 7.169860e-08 6.705168e-12 1.001475e-07 _45676_
 4.598175e-08 5.394848e-08 2.018298e-13 9.993042e-08 _45963_
 5.363558e-08 4.614319e-08 6.339828e-12 9.978511e-08 _45952_
 5.355450e-08 4.448851e-08 6.339828e-12 9.804934e-08 _45875_
 6.419070e-08 3.319492e-08 1.914439e-12 9.738753e-08 _46503_
 3.504575e-08 6.216844e-08 6.443452e-12 9.722063e-08 _45788_
 6.219986e-08 3.480620e-08 2.507409e-12 9.700857e-08 _45492_
 3.711722e-08 5.937992e-08 1.924581e-12 9.649907e-08 _46498_
 5.331608e-08 4.262630e-08 6.339828e-12 9.594871e-08 _45919_
 2.921125e-08 6.579666e-08 1.033490e-12 9.500894e-08 _46147_
 6.196682e-08 3.290087e-08 2.507409e-12 9.487020e-08 _45482_
 5.539282e-08 3.912631e-08 2.520724e-12 9.452165e-08 _45307_
 3.396073e-08 5.973736e-08 6.435536e-12 9.370453e-08 _51391_
 3.740406e-08 5.601748e-08 1.924581e-12 9.342347e-08 _45540_
 6.182659e-08 3.116388e-08 2.507409e-12 9.299297e-08 _45498_
 6.917693e-08 2.367909e-08 1.937669e-12 9.285796e-08 _46504_
 3.461834e-08 5.756069e-08 6.443452e-12 9.218548e-08 _45814_
 5.547136e-08 3.664936e-08 2.520724e-12 9.212324e-08 _45305_
 6.162357e-08 3.014636e-08 2.507409e-12 9.177244e-08 _45494_
 2.917653e-08 6.253347e-08 1.033490e-12 9.171103e-08 _46180_
 4.863507e-08 4.304311e-08 1.188155e-12 9.167936e-08 _46175_
 2.914762e-08 6.249157e-08 1.033490e-12 9.164022e-08 _46191_
 5.504064e-08 3.582112e-08 2.520724e-12 9.086428e-08 _45303_
 6.323225e-08 2.719686e-08 1.914439e-12 9.043102e-08 _45101_
 6.157001e-08 2.876967e-08 2.507409e-12 9.034219e-08 _45496_
 5.054057e-08 3.973415e-08 1.652357e-13 9.027489e-08 _46208_
 2.913468e-08 6.085388e-08 1.033490e-12 8.998959e-08 _46092_
 6.144089e-08 2.840203e-08 2.507409e-12 8.984543e-08 _45488_
 2.546776e-08 6.313734e-08 6.765496e-12 8.861186e-08 _46413_
 5.507016e-08 3.339663e-08 2.520724e-12 8.846931e-08 _45285_
 6.127890e-08 2.674675e-08 2.507409e-12 8.802816e-08 _45486_
 3.444325e-08 5.130880e-08 6.443452e-12 8.575850e-08 _45780_
 6.106707e-08 2.421528e-08 2.507409e-12 8.528486e-08 _45484_
 5.487344e-08 3.040291e-08 2.520724e-12 8.527887e-08 _45295_
 4.832159e-08 3.691865e-08 1.188155e-12 8.524143e-08 _46098_
 2.912341e-08 5.556499e-08 1.033490e-12 8.468944e-08 _46136_
 5.448793e-08 2.966632e-08 2.533223e-12 8.415678e-08 _45309_
 5.467092e-08 2.919995e-08 2.520724e-12 8.387340e-08 _45299_
 3.534490e-08 4.646155e-08 9.985860e-13 8.180745e-08 _51320_
 5.459637e-08 2.719050e-08 2.520724e-12 8.178939e-08 _45297_
 5.438866e-08 2.641675e-08 2.520724e-12 8.080793e-08 _45293_
 2.908019e-08 5.111998e-08 1.033490e-12 8.020119e-08 _46103_
 2.538300e-08 5.430536e-08 6.765496e-12 7.969512e-08 _46437_
 4.272217e-08 3.670039e-08 1.153388e-12 7.942371e-08 _45906_
 5.416866e-08 2.464816e-08 2.520724e-12 7.881934e-08 _45301_
 4.277272e-08 3.595854e-08 1.455555e-12 7.873270e-08 _51273_
 5.431755e-08 2.428784e-08 2.520724e-12 7.860792e-08 _45291_
 4.588497e-08 3.270814e-08 1.652357e-13 7.859327e-08 _46008_
 2.962188e-08 4.840524e-08 6.137884e-13 7.802774e-08 _49408_
 4.803894e-08 2.961008e-08 1.188155e-12 7.765021e-08 _46120_
 4.794742e-08 2.960391e-08 1.188155e-12 7.755252e-08 _46131_
 4.801243e-08 2.901568e-08 1.188155e-12 7.702930e-08 _46197_
 4.391170e-08 3.303498e-08 2.562839e-12 7.694924e-08 _52925_
 5.417328e-08 2.271658e-08 2.520724e-12 7.689239e-08 _45283_
 4.790208e-08 2.880923e-08 1.188155e-12 7.671249e-08 _46142_
 3.531103e-08 4.119922e-08 1.923458e-12 7.651217e-08 _45829_
 4.801368e-08 2.777763e-08 1.188155e-12 7.579250e-08 _46284_
 4.795899e-08 2.763047e-08 1.188155e-12 7.559066e-08 _46186_
 4.368085e-08 3.188176e-08 2.120404e-12 7.556473e-08 _52946_
 4.223002e-08 3.325604e-08 1.455555e-12 7.548752e-08 _51309_
 4.253346e-08 3.270420e-08 1.455555e-12 7.523911e-08 _48972_
 4.791797e-08 2.718817e-08 1.188155e-12 7.510732e-08 _46109_
 4.796316e-08 2.708732e-08 1.188155e-12 7.505167e-08 _46065_
 2.048845e-08 5.445805e-08 6.844524e-13 7.494718e-08 _45905_
 4.785482e-08 2.669192e-08 1.188155e-12 7.454793e-08 _46087_
 4.787275e-08 2.640818e-08 1.188155e-12 7.428212e-08 _46153_
 4.783605e-08 2.578416e-08 1.188155e-12 7.362139e-08 _46164_
 1.516333e-08 5.840877e-08 6.828750e-12 7.357894e-08 _46329_
 4.296197e-08 3.060470e-08 1.455555e-12 7.356813e-08 _53034_
 2.746089e-08 4.554871e-08 3.577728e-12 7.301318e-08 _46059_
 4.775037e-08 2.511172e-08 1.188155e-12 7.286327e-08 _46076_
 4.249505e-08 3.033986e-08 1.153388e-12 7.283606e-08 _46027_
 4.259431e-08 2.990499e-08 1.455555e-12 7.250076e-08 _51285_
 4.518397e-08 2.723976e-08 1.652357e-13 7.242389e-08 _45972_
 2.904398e-08 4.326968e-08 1.033490e-12 7.231469e-08 _46086_
 2.055312e-08 5.161936e-08 2.018298e-13 7.217267e-08 _45097_
 4.226904e-08 2.989007e-08 1.455555e-12 7.216057e-08 _51297_
 4.242581e-08 2.946568e-08 1.455555e-12 7.189294e-08 _51289_
 2.899715e-08 4.288078e-08 1.033490e-12 7.187896e-08 _46185_
 1.513450e-08 5.627980e-08 6.828750e-12 7.142112e-08 _46341_
 2.900839e-08 4.225688e-08 1.033490e-12 7.126630e-08 _46108_
 4.244256e-08 2.870117e-08 1.153388e-12 7.114488e-08 _45939_
 4.231213e-08 2.880063e-08 1.455555e-12 7.111421e-08 _51269_
 4.248061e-08 2.848465e-08 1.153388e-12 7.096641e-08 _45950_
 1.873221e-08 5.184248e-08 6.747988e-12 7.058144e-08 _46037_
 2.029361e-08 4.995686e-08 6.844524e-13 7.025115e-08 _45878_
 1.212508e-08 5.796798e-08 6.851551e-12 7.009992e-08 _46375_
 1.500295e-08 5.501308e-08 6.828750e-12 7.002286e-08 _46337_
 4.727378e-08 2.244017e-08 2.201269e-13 6.971417e-08 _45871_
 4.234516e-08 2.723997e-08 1.455555e-12 6.958658e-08 _51277_
 2.889624e-08 4.054082e-08 1.033490e-12 6.943809e-08 _46174_
 4.194437e-08 2.745959e-08 1.455555e-12 6.940541e-08 _51313_
 4.320181e-08 2.607267e-08 1.455555e-12 6.927593e-08 _51305_
 3.713243e-08 3.196881e-08 1.827548e-12 6.910307e-08 _52907_
 2.886151e-08 4.015764e-08 1.033490e-12 6.902019e-08 _46158_
 4.225123e-08 2.624467e-08 1.153388e-12 6.849706e-08 _46020_
 2.510857e-08 4.291069e-08 6.765496e-12 6.802603e-08 _46417_
 4.229462e-08 2.553680e-08 1.153388e-12 6.783257e-08 _45884_
 4.766820e-08 2.001968e-08 1.835328e-13 6.768806e-08 _45831_
 2.910097e-08 3.840560e-08 1.033490e-12 6.750761e-08 _46196_
 2.891993e-08 3.852956e-08 1.033490e-12 6.745052e-08 _46130_
 4.731249e-08 2.011308e-08 2.201269e-13 6.742579e-08 _45850_
 2.886543e-08 3.826399e-08 1.033490e-12 6.713045e-08 _46169_
 2.891166e-08 3.801813e-08 1.033490e-12 6.693082e-08 _46242_
 2.886465e-08 3.793615e-08 1.033490e-12 6.680184e-08 _46114_
 4.169353e-08 2.507731e-08 1.455555e-12 6.677229e-08 _51317_
 4.216538e-08 2.439464e-08 1.153388e-12 6.656117e-08 _45852_
 4.722525e-08 1.895685e-08 2.201269e-13 6.618232e-08 _45959_
 2.887291e-08 3.704004e-08 1.033490e-12 6.591397e-08 _46070_
 4.503859e-08 2.075653e-08 4.832750e-12 6.579995e-08 _60361_
 4.220871e-08 2.353614e-08 1.153388e-12 6.574600e-08 _45928_
 2.890120e-08 3.682435e-08 1.033490e-12 6.572658e-08 _46125_
 1.906662e-08 4.658975e-08 6.766832e-12 6.566313e-08 _46252_
 2.869291e-08 3.678677e-08 1.033490e-12 6.548070e-08 _46283_
 4.214331e-08 2.321138e-08 1.153388e-12 6.535584e-08 _45873_
 2.900040e-08 3.634693e-08 1.033490e-12 6.534836e-08 _46081_
 1.899259e-08 4.593211e-08 6.766832e-12 6.493146e-08 _46282_
 4.216372e-08 2.274999e-08 1.153388e-12 6.491486e-08 _45895_
 4.711692e-08 1.774943e-08 2.201269e-13 6.486657e-08 _45882_
 4.719151e-08 1.763123e-08 2.201269e-13 6.482295e-08 _45948_
 4.714761e-08 1.753310e-08 2.201269e-13 6.468093e-08 _45937_
 4.211710e-08 2.238081e-08 1.153388e-12 6.449906e-08 _45961_
 4.714886e-08 1.718122e-08 2.201269e-13 6.433030e-08 _45926_
 4.478414e-08 1.951600e-08 4.832750e-12 6.430498e-08 _60356_
 2.892183e-08 3.528394e-08 1.033490e-12 6.420680e-08 _46152_
 4.483915e-08 1.935470e-08 4.832750e-12 6.419869e-08 _60366_
 2.034370e-08 4.366848e-08 6.844524e-13 6.401286e-08 _45900_
 2.878633e-08 3.518801e-08 1.033490e-12 6.397537e-08 _46163_
 2.900513e-08 3.496306e-08 1.033490e-12 6.396922e-08 _46141_
 4.716080e-08 1.661174e-08 2.201269e-13 6.377277e-08 _45915_
 4.201594e-08 2.175461e-08 1.153388e-12 6.377170e-08 _45917_
 2.919792e-08 3.453007e-08 1.033490e-12 6.372902e-08 _46097_
 4.235437e-08 2.125413e-08 2.122414e-12 6.361062e-08 _51292_
 4.716284e-08 1.620924e-08 2.201269e-13 6.337230e-08 _45904_
 4.225163e-08 1.958804e-08 2.122414e-12 6.184180e-08 _51280_
 4.709339e-08 1.430660e-08 2.201269e-13 6.140021e-08 _45893_
 2.878925e-08 3.228769e-08 1.033490e-12 6.107797e-08 _46119_
 2.144489e-08 3.962013e-08 3.546559e-12 6.106857e-08 _52978_
 1.478055e-08 4.545609e-08 6.828750e-12 6.024347e-08 _46333_
 4.214317e-08 1.807633e-08 2.122414e-12 6.022162e-08 _51300_
 2.883656e-08 3.126570e-08 1.033490e-12 6.010329e-08 _46064_
 2.498280e-08 3.461687e-08 6.765496e-12 5.960644e-08 _46433_
 1.923394e-08 4.015195e-08 6.466428e-12 5.939236e-08 _46007_
 2.878900e-08 3.027858e-08 1.033490e-12 5.906861e-08 _46075_
 1.488410e-08 4.383192e-08 6.828750e-12 5.872285e-08 _46373_
 2.490738e-08 3.365254e-08 6.765496e-12 5.856669e-08 _46453_
 2.030109e-08 3.812124e-08 6.844524e-13 5.842302e-08 _46026_
 1.817742e-08 3.973320e-08 6.747988e-12 5.791736e-08 _46029_
 1.873185e-08 3.907308e-08 6.766832e-12 5.781170e-08 _46267_
 2.028227e-08 3.725633e-08 6.844524e-13 5.753929e-08 _45911_
 2.030200e-08 3.664817e-08 6.844524e-13 5.695085e-08 _45872_
 2.492756e-08 3.168811e-08 6.765496e-12 5.662243e-08 _46445_
 3.686412e-08 1.911825e-08 1.146435e-12 5.598351e-08 _46054_
 2.025972e-08 3.566917e-08 6.844524e-13 5.592958e-08 _45944_
 2.025728e-08 3.562506e-08 6.844524e-13 5.588302e-08 _45955_
 1.812956e-08 3.673883e-08 6.747988e-12 5.487513e-08 _46034_
 1.980359e-08 3.455260e-08 1.977042e-12 5.435817e-08 _52911_
 2.477162e-08 2.953667e-08 6.765496e-12 5.431504e-08 _46421_
 2.479226e-08 2.905309e-08 6.765496e-12 5.385212e-08 _46457_
 2.559813e-08 2.806286e-08 6.894572e-14 5.366106e-08 _46062_
 1.143396e-08 4.187447e-08 3.983552e-12 5.331242e-08 _45835_
 2.034308e-08 3.262828e-08 6.844524e-13 5.297204e-08 _45933_
 2.029451e-08 3.267257e-08 6.844524e-13 5.296776e-08 _45867_
 2.205130e-08 3.049452e-08 6.146449e-13 5.254644e-08 _48967_
 3.552090e-08 1.690644e-08 1.942680e-12 5.242928e-08 _46500_
 1.136148e-08 4.081500e-08 3.983552e-12 5.218046e-08 _45856_
 2.477757e-08 2.736134e-08 6.765496e-12 5.214567e-08 _46425_
 2.310766e-08 2.854998e-08 6.757519e-12 5.166440e-08 _45599_
 3.293003e-08 1.853087e-08 1.956159e-12 5.146286e-08 _46499_
 2.469547e-08 2.649665e-08 6.765496e-12 5.119889e-08 _46449_
 2.032029e-08 3.029666e-08 6.844524e-13 5.061763e-08 _45922_
 1.823696e-08 3.233949e-08 6.766832e-12 5.058321e-08 _46277_
 3.271517e-08 1.771727e-08 1.956159e-12 5.043441e-08 _45098_
 2.548164e-08 2.494760e-08 6.894572e-14 5.042931e-08 _46106_
 2.760193e-08 2.280759e-08 1.441590e-12 5.041096e-08 _48936_
 2.043471e-08 2.970726e-08 6.844524e-13 5.014266e-08 _45846_
 1.904075e-08 2.985675e-08 5.911803e-13 4.889809e-08 _47004_
 2.547362e-08 2.331003e-08 6.894572e-14 4.878372e-08 _46128_
 2.551560e-08 2.313866e-08 6.448342e-12 4.866071e-08 _45828_
 2.545627e-08 2.309000e-08 6.894572e-14 4.854634e-08 _46139_
 1.453664e-08 3.383963e-08 6.828750e-12 4.838310e-08 _46369_
 2.546094e-08 2.283410e-08 6.894572e-14 4.829511e-08 _46161_
 2.017548e-08 2.754092e-08 6.844524e-13 4.771709e-08 _45960_
 2.018048e-08 2.752331e-08 6.844524e-13 4.770448e-08 _45949_
 3.528653e-08 1.228820e-08 1.942680e-12 4.757668e-08 _45542_
 2.751558e-08 1.962814e-08 1.441590e-12 4.714516e-08 _48916_
 2.753548e-08 1.953092e-08 1.441590e-12 4.706784e-08 _48920_
 2.022627e-08 2.681656e-08 6.844524e-13 4.704352e-08 _46019_
 3.260898e-08 1.442292e-08 1.956159e-12 4.703386e-08 _45541_
 2.036881e-08 2.642057e-08 6.844524e-13 4.679006e-08 _45938_
 2.047292e-08 2.627230e-08 6.844524e-13 4.674591e-08 _45851_
 2.019940e-08 2.649614e-08 6.844524e-13 4.669623e-08 _45916_
 2.542289e-08 2.126965e-08 6.894572e-14 4.669261e-08 _46073_
 2.541386e-08 2.120889e-08 6.894572e-14 4.662282e-08 _46084_
 2.022151e-08 2.596908e-08 6.844524e-13 4.619128e-08 _45889_
 2.456570e-08 2.137755e-08 6.765496e-12 4.595000e-08 _46429_
 1.817346e-08 2.765511e-08 6.766832e-12 4.583533e-08 _46259_
 2.756790e-08 1.816201e-08 1.441590e-12 4.573135e-08 _48960_
 2.540310e-08 2.028171e-08 6.894572e-14 4.568488e-08 _46194_
 1.441227e-08 3.123937e-08 6.828750e-12 4.565847e-08 _46345_
 2.757144e-08 1.775586e-08 1.441590e-12 4.532875e-08 _48948_
 2.450402e-08 2.078496e-08 6.765496e-12 4.529575e-08 _46461_
 2.537898e-08 1.967411e-08 6.894572e-14 4.505316e-08 _46095_
 3.638263e-08 8.668633e-09 1.103448e-13 4.505138e-08 _46012_
 2.054288e-08 2.448837e-08 6.844524e-13 4.503194e-08 _45883_
 1.792933e-08 2.702947e-08 6.747988e-12 4.496556e-08 _46052_
 3.867127e-08 5.947598e-09 6.888306e-12 4.462575e-08 _52947_
 1.448026e-08 3.010566e-08 6.828750e-12 4.459275e-08 _46365_
 2.021196e-08 2.436452e-08 6.844524e-13 4.457717e-08 _45894_
 2.535783e-08 1.895911e-08 6.894572e-14 4.431701e-08 _46172_
 2.032712e-08 2.351563e-08 6.844524e-13 4.384344e-08 _45927_
 1.790888e-08 2.591625e-08 6.747988e-12 4.383188e-08 _46042_
 2.727635e-08 1.652871e-08 1.441590e-12 4.380650e-08 _48952_
 2.766965e-08 1.599633e-08 2.127958e-12 4.366810e-08 _48927_
 1.828574e-08 2.513839e-08 6.766832e-12 4.343089e-08 _46272_
 2.720296e-08 1.575199e-08 1.441590e-12 4.295639e-08 _48932_
 1.758001e-08 2.503544e-08 6.747988e-12 4.262220e-08 _46039_
 1.663599e-08 2.569555e-08 5.448374e-13 4.233208e-08 _45826_
 2.528204e-08 1.704038e-08 6.894572e-14 4.232249e-08 _46150_
 2.762591e-08 1.467765e-08 2.127958e-12 4.230569e-08 _48955_
 2.528508e-08 1.700410e-08 6.894572e-14 4.228925e-08 _46117_
 1.815094e-08 2.396788e-08 6.766832e-12 4.212559e-08 _46264_
 1.768899e-08 2.415692e-08 6.747988e-12 4.185266e-08 _46022_
 1.674054e-08 2.476099e-08 4.750299e-13 4.150201e-08 _51308_
 1.822301e-08 2.320897e-08 6.766832e-12 4.143874e-08 _46274_
 2.744272e-08 1.398579e-08 2.127958e-12 4.143065e-08 _48923_
 2.525765e-08 1.594238e-08 6.894572e-14 4.120010e-08 _46183_
 1.504172e-08 2.593489e-08 4.750299e-13 4.097709e-08 _51276_
 2.742352e-08 1.354671e-08 2.127958e-12 4.097235e-08 _48943_
 2.742364e-08 1.336175e-08 2.127958e-12 4.078752e-08 _48939_
 2.266851e-08 1.799507e-08 1.436935e-12 4.066501e-08 _48964_
 1.812031e-08 2.250419e-08 6.766832e-12 4.063127e-08 _46286_
 1.819872e-08 2.200191e-08 6.766832e-12 4.020739e-08 _46254_
 1.692788e-08 2.323671e-08 4.750299e-13 4.016507e-08 _51312_
 1.760505e-08 2.234693e-08 6.747988e-12 3.995873e-08 _46049_
 1.659463e-08 2.321828e-08 5.448374e-13 3.981345e-08 _46006_
 1.518812e-08 2.453873e-08 4.750299e-13 3.972732e-08 _48971_
 1.762513e-08 2.202798e-08 6.747988e-12 3.965986e-08 _46025_
 1.817074e-08 2.144067e-08 6.146449e-13 3.961202e-08 _46053_
 1.808282e-08 2.147986e-08 6.766832e-12 3.956944e-08 _46279_
 1.757923e-08 2.164681e-08 6.747988e-12 3.923278e-08 _46047_
 2.818727e-08 1.078638e-08 2.663734e-12 3.897632e-08 _52891_
 1.580908e-08 2.311013e-08 4.750299e-13 3.891969e-08 _51296_
 1.763715e-08 2.113669e-08 6.747988e-12 3.878059e-08 _46032_
 1.803576e-08 1.998238e-08 6.766832e-12 3.802491e-08 _46262_
 1.799947e-08 1.986583e-08 6.766832e-12 3.787207e-08 _46269_
 1.804303e-08 1.965765e-08 6.766832e-12 3.770745e-08 _46257_
 1.560025e-08 2.105650e-08 4.750299e-13 3.665723e-08 _51304_
 1.553276e-08 2.094740e-08 4.750299e-13 3.648064e-08 _51268_
 1.753063e-08 1.874279e-08 6.747988e-12 3.628017e-08 _46044_
 2.315787e-08 1.304603e-08 2.567458e-12 3.620647e-08 _45279_
 1.484521e-08 2.129027e-08 4.750299e-13 3.613596e-08 _53033_
 1.011424e-08 2.486230e-08 5.233473e-12 3.498177e-08 _46325_
 5.657967e-09 2.872589e-08 7.399353e-12 3.439126e-08 _52953_
 1.177566e-08 2.202201e-08 6.485854e-12 3.380416e-08 _51324_
 1.773320e-08 1.564019e-08 4.750299e-13 3.337387e-08 _51316_
 2.238589e-08 1.078613e-08 2.572075e-12 3.317459e-08 _53401_
 2.356103e-08 9.010363e-09 4.832750e-12 3.257622e-08 _60371_
 2.357737e-08 8.988330e-09 4.832750e-12 3.257053e-08 _60372_
 2.117489e-08 1.122204e-08 1.139481e-12 3.239808e-08 _45827_
 1.547110e-08 1.681791e-08 4.750299e-13 3.228948e-08 _51272_
 1.559135e-08 1.663305e-08 4.750299e-13 3.222488e-08 _51288_
 1.542997e-08 1.671734e-08 6.773878e-12 3.215409e-08 _46056_
 2.199517e-08 9.882863e-09 2.572075e-12 3.188060e-08 _53394_
 2.349712e-08 8.317554e-09 4.832750e-12 3.181951e-08 _60373_
 1.407348e-08 1.746197e-08 6.828750e-12 3.154227e-08 _46349_
 1.068211e-08 2.043430e-08 1.469387e-13 3.111655e-08 _52962_
 1.534118e-08 1.560701e-08 4.750299e-13 3.094866e-08 _51284_
 1.409857e-08 1.670582e-08 6.828750e-12 3.081122e-08 _46361_
 1.856196e-08 1.199549e-08 1.945185e-12 3.055940e-08 _52964_
 1.408760e-08 1.613569e-08 6.828750e-12 3.023012e-08 _46353_
 1.604047e-08 1.268412e-08 1.139481e-12 2.872574e-08 _46343_
 1.705717e-08 1.153042e-08 1.664116e-12 2.858926e-08 _52979_
 1.850876e-08 9.893297e-09 1.945185e-12 2.840400e-08 _52918_
 1.399922e-08 1.422613e-08 6.828750e-12 2.823218e-08 _46357_
 1.063779e-08 1.666709e-08 1.469387e-13 2.730503e-08 _52916_
 1.597038e-08 1.120840e-08 1.139481e-12 2.717992e-08 _46335_
 1.709570e-08 9.706081e-09 1.977019e-12 2.680375e-08 _52963_
 2.209617e-08 3.967230e-09 3.083870e-12 2.606648e-08 _60225_
 9.829479e-09 1.608194e-08 3.703187e-13 2.591179e-08 _48935_
 1.593388e-08 9.944364e-09 1.139481e-12 2.587939e-08 _46363_
 1.588074e-08 9.957347e-09 1.139481e-12 2.583922e-08 _46331_
 1.593725e-08 9.818697e-09 1.139481e-12 2.575709e-08 _46347_
 1.697330e-08 8.766003e-09 1.977019e-12 2.574128e-08 _52917_
 1.182188e-08 1.366607e-08 6.925246e-12 2.549488e-08 _52897_
 8.535425e-10 2.463376e-08 4.022000e-13 2.548770e-08 _48042_
 2.204164e-08 3.264694e-09 3.083870e-12 2.530941e-08 _60215_
 1.590386e-08 9.057910e-09 1.139481e-12 2.496291e-08 _46339_
 8.480095e-10 2.400512e-08 4.022000e-13 2.485353e-08 _47975_
 8.554601e-10 2.394788e-08 4.022000e-13 2.480374e-08 _47954_
 8.554935e-10 2.375745e-08 4.022000e-13 2.461335e-08 _47936_
 1.588486e-08 8.588826e-09 1.139481e-12 2.447482e-08 _46359_
 8.554225e-10 2.358557e-08 4.022000e-13 2.444139e-08 _47929_
 1.586690e-08 8.249460e-09 1.139481e-12 2.411750e-08 _46367_
 1.572838e-08 8.006694e-09 1.136005e-12 2.373621e-08 _45971_
 1.579662e-08 7.810146e-09 1.139481e-12 2.360790e-08 _46355_
 1.582767e-08 7.728493e-09 1.139481e-12 2.355730e-08 _46371_
 1.579553e-08 7.590736e-09 1.139481e-12 2.338741e-08 _46327_
 1.574569e-08 7.569469e-09 1.139481e-12 2.331629e-08 _46351_
 4.763955e-09 1.727102e-08 4.226266e-12 2.203920e-08 _48073_
 8.567946e-10 2.103893e-08 4.022000e-13 2.189612e-08 _48103_
 9.744578e-09 1.211730e-08 3.703187e-13 2.186225e-08 _48947_
 8.568270e-10 2.097597e-08 4.022000e-13 2.183320e-08 _48072_
 7.126209e-11 2.170558e-08 4.218100e-12 2.178106e-08 _47649_
 7.127238e-11 2.165797e-08 4.218100e-12 2.173346e-08 _47409_
 1.147437e-08 1.007768e-08 5.351294e-14 2.155210e-08 _45958_
 1.148969e-08 9.985287e-09 5.351294e-14 2.147503e-08 _45914_
 9.965736e-09 1.136832e-08 3.703187e-13 2.133443e-08 _48915_
 8.481936e-10 2.014693e-08 4.022000e-13 2.099553e-08 _47952_
 9.942045e-09 1.103248e-08 3.703187e-13 2.097489e-08 _48919_
 1.147680e-08 9.448919e-09 5.351294e-14 2.092577e-08 _45925_
 1.003256e-08 1.076256e-08 3.703187e-13 2.079550e-08 _48951_
 7.135698e-11 2.064434e-08 4.218100e-12 2.071992e-08 _49027_
 9.825563e-09 1.078233e-08 3.703187e-13 2.060826e-08 _48959_
 1.146607e-08 9.079058e-09 5.351294e-14 2.054518e-08 _45881_
 1.145255e-08 8.930795e-09 5.351294e-14 2.038340e-08 _45870_
 8.547911e-10 1.939197e-08 4.022000e-13 2.024717e-08 _47569_
 1.004246e-08 1.007493e-08 3.703187e-13 2.011776e-08 _48931_
 1.144912e-08 8.561591e-09 5.351294e-14 2.001077e-08 _45892_
 8.550587e-10 1.907905e-08 4.022000e-13 1.993451e-08 _47712_
 8.550232e-10 1.882349e-08 4.022000e-13 1.967891e-08 _47615_
 8.550443e-10 1.873014e-08 4.022000e-13 1.958559e-08 _47522_
 8.548254e-10 1.871508e-08 4.022000e-13 1.957031e-08 _47349_
 8.550423e-10 1.864997e-08 4.022000e-13 1.950541e-08 _47470_
 1.143915e-08 7.833139e-09 5.351294e-14 1.927234e-08 _45903_
 7.997410e-09 1.114401e-08 3.354150e-13 1.914175e-08 _48963_
 8.548566e-10 1.820360e-08 4.022000e-13 1.905886e-08 _47681_
 1.144024e-08 7.611667e-09 5.351294e-14 1.905196e-08 _45936_
 8.550305e-10 1.779964e-08 4.022000e-13 1.865508e-08 _47663_
 1.140754e-08 7.152672e-09 5.351294e-14 1.856026e-08 _45947_
 7.653956e-09 1.048393e-08 6.897150e-12 1.814478e-08 _46018_
 7.081841e-11 1.800318e-08 4.218100e-12 1.807822e-08 _47759_
 1.141190e-08 6.561754e-09 1.035621e-11 1.798401e-08 _49917_
 1.141740e-08 6.329737e-09 5.351294e-14 1.774719e-08 _45849_
 4.701123e-09 1.291303e-08 4.226266e-12 1.761838e-08 _47945_
 9.779491e-09 7.744640e-09 1.827548e-12 1.752596e-08 _52906_
 4.702534e-09 1.266717e-08 4.226266e-12 1.737393e-08 _47974_
 1.139700e-08 5.866451e-09 1.035621e-11 1.727381e-08 _49867_
 4.719801e-09 1.248047e-08 4.226266e-12 1.720450e-08 _47937_
 4.718826e-09 1.243355e-08 4.226266e-12 1.715660e-08 _47928_
 8.384849e-09 8.734832e-09 3.758004e-12 1.712344e-08 _46205_
 4.640071e-09 1.232050e-08 4.223203e-12 1.696479e-08 _46549_
 4.690902e-09 1.225022e-08 4.223203e-12 1.694535e-08 _46551_
 4.686231e-09 1.225438e-08 4.226266e-12 1.694483e-08 _47953_
 1.133535e-08 5.503997e-09 1.035621e-11 1.684971e-08 _48570_
 4.704765e-09 1.204200e-08 4.226266e-12 1.675099e-08 _48134_
 4.713894e-09 1.199152e-08 4.230349e-12 1.670964e-08 _47182_
 1.133037e-08 5.323451e-09 1.035621e-11 1.666418e-08 _50007_
 7.142026e-11 1.615634e-08 4.218100e-12 1.623198e-08 _48132_
 4.623819e-09 1.159763e-08 4.223203e-12 1.622567e-08 _46525_
 4.511276e-10 1.551509e-08 1.680980e-11 1.598302e-08 _48978_
 4.489042e-10 1.551535e-08 1.680980e-11 1.598106e-08 _47764_
 4.520846e-10 1.547129e-08 1.680980e-11 1.594018e-08 _49012_
 8.551574e-10 1.506753e-08 4.022000e-13 1.592309e-08 _49309_
 4.532483e-10 1.508908e-08 1.680980e-11 1.555914e-08 _46842_
 7.163760e-11 1.519025e-08 4.218100e-12 1.526610e-08 _49031_
 4.518960e-10 1.472274e-08 1.680980e-11 1.519145e-08 _48994_
 7.144114e-11 1.489167e-08 4.218100e-12 1.496733e-08 _46587_
 1.125620e-08 3.622489e-09 1.035621e-11 1.488905e-08 _48503_
 4.663532e-09 1.020775e-08 4.223203e-12 1.487551e-08 _46900_
 8.550433e-10 1.376788e-08 4.022000e-13 1.462332e-08 _49442_
 2.998640e-09 1.132671e-08 3.635021e-12 1.432898e-08 _46561_
 4.518939e-10 1.376241e-08 1.680980e-11 1.423112e-08 _48983_
 1.117493e-08 2.984559e-09 1.035621e-11 1.416984e-08 _48536_
 7.145295e-11 1.407820e-08 4.218100e-12 1.415387e-08 _49511_
 7.144075e-11 1.401322e-08 4.218100e-12 1.408888e-08 _46564_
 7.182332e-11 1.393056e-08 4.218100e-12 1.400660e-08 _47252_
 7.159971e-11 1.375189e-08 4.218100e-12 1.382770e-08 _49244_
 4.532708e-10 1.331825e-08 1.680980e-11 1.378833e-08 _49026_
 4.519043e-10 1.298942e-08 1.680980e-11 1.345813e-08 _49005_
 2.620357e-09 1.079187e-08 3.639650e-12 1.341586e-08 _46522_
 7.129079e-11 1.331556e-08 4.218100e-12 1.339107e-08 _47946_
 7.164282e-11 1.318014e-08 4.218100e-12 1.325600e-08 _48997_
 7.200519e-09 5.919589e-09 3.918883e-12 1.312403e-08 _45969_
 4.625853e-09 8.432261e-09 4.226266e-12 1.306234e-08 _48104_
 2.582642e-09 1.039724e-08 3.639650e-12 1.298353e-08 _46535_
 4.620128e-09 8.345114e-09 4.223203e-12 1.296947e-08 _46962_
 4.525870e-10 1.245808e-08 1.680980e-11 1.292748e-08 _46530_
 4.524739e-10 1.240755e-08 1.680980e-11 1.287684e-08 _46548_
 4.619412e-09 8.206282e-09 4.226266e-12 1.282992e-08 _48043_
 2.583122e-09 1.024125e-08 3.639650e-12 1.282802e-08 _46529_
 4.590960e-09 8.126650e-09 4.226266e-12 1.272184e-08 _47935_
 7.143149e-11 1.257110e-08 4.218100e-12 1.264674e-08 _46778_
 5.599500e-09 6.744269e-09 1.792566e-12 1.234556e-08 _49405_
 5.944191e-09 6.394178e-09 2.588967e-12 1.234096e-08 _49687_
 8.581340e-10 1.142904e-08 4.022000e-13 1.228758e-08 _48133_
 4.603196e-09 7.672512e-09 4.226266e-12 1.227993e-08 _48179_
 5.201366e-09 7.004559e-09 2.591979e-12 1.220852e-08 _47344_
 5.088443e-11 1.205200e-08 3.633800e-12 1.210652e-08 _46572_
 5.205036e-09 6.825863e-09 2.591979e-12 1.203349e-08 _47213_
 2.610497e-09 9.416239e-09 3.643160e-12 1.203038e-08 _47951_
 7.176026e-11 1.194861e-08 4.218100e-12 1.202459e-08 _49656_
 7.089896e-11 1.192171e-08 4.218100e-12 1.199683e-08 _49582_
 4.599802e-09 7.361195e-09 4.226266e-12 1.196522e-08 _47930_
 5.949952e-09 5.953157e-09 2.588967e-12 1.190570e-08 _49963_
 5.932024e-09 5.912581e-09 2.588967e-12 1.184719e-08 _48344_
 2.612938e-09 9.227182e-09 3.639650e-12 1.184376e-08 _46775_
 5.197510e-09 6.639324e-09 2.591979e-12 1.183943e-08 _47282_
 8.517939e-10 1.092386e-08 4.022000e-13 1.177605e-08 _48178_
 5.100545e-11 1.168235e-08 3.633800e-12 1.173699e-08 _49015_
 5.936180e-09 5.791221e-09 2.588967e-12 1.172999e-08 _49617_
 4.525945e-10 1.119580e-08 1.680980e-11 1.166520e-08 _46536_
 6.042010e-09 5.607104e-09 4.165599e-14 1.164916e-08 _45830_
 5.087906e-11 1.156481e-08 3.633800e-12 1.161932e-08 _46839_
 5.089474e-11 1.154289e-08 3.633800e-12 1.159742e-08 _47108_
 5.931595e-09 5.652405e-09 2.588967e-12 1.158659e-08 _48470_
 4.506747e-10 1.103365e-08 1.680980e-11 1.150114e-08 _47038_
 5.190607e-09 6.301621e-09 2.591979e-12 1.149482e-08 _47143_
 5.084054e-11 1.141680e-08 3.633800e-12 1.147127e-08 _49246_
 2.610300e-09 8.856753e-09 3.639650e-12 1.147069e-08 _47032_
 5.081546e-11 1.130983e-08 3.633800e-12 1.136428e-08 _49069_
 5.181605e-09 6.055090e-09 2.591979e-12 1.123929e-08 _47564_
 4.753834e-09 6.454709e-09 1.446138e-12 1.120999e-08 _49808_
 5.086494e-11 1.112497e-08 3.633800e-12 1.117947e-08 _46965_
 5.570319e-09 5.531328e-09 1.792566e-12 1.110344e-08 _50090_
 4.532576e-10 1.060925e-08 1.680980e-11 1.107931e-08 _49006_
 4.514722e-10 1.056928e-08 1.680980e-11 1.103756e-08 _47947_
 5.765271e-09 5.266887e-09 2.869503e-12 1.103503e-08 _48565_
 5.115290e-11 1.094034e-08 3.633800e-12 1.099512e-08 _46968_
 5.088331e-11 1.084297e-08 3.633800e-12 1.089748e-08 _46903_
 2.604781e-09 8.276788e-09 3.643160e-12 1.088521e-08 _48231_
 5.114675e-11 1.056599e-08 3.633800e-12 1.062077e-08 _47178_
 5.044224e-11 1.054607e-08 3.633800e-12 1.060015e-08 _47793_
 7.427801e-09 3.070861e-09 2.135352e-12 1.050080e-08 _46520_
 5.071864e-11 1.040786e-08 3.633800e-12 1.046221e-08 _49372_
 4.519397e-10 9.904640e-09 1.680980e-11 1.037339e-08 _48373_
 4.522784e-10 9.868575e-09 1.680980e-11 1.033766e-08 _46552_
 2.554437e-09 7.748827e-09 3.639650e-12 1.030690e-08 _46547_
 5.155433e-09 5.047511e-09 2.591979e-12 1.020554e-08 _47610_
 4.012283e-09 6.191658e-09 1.448074e-12 1.020539e-08 _47517_
 5.090222e-11 1.006610e-08 3.633800e-12 1.012064e-08 _46562_
 4.522774e-10 9.612346e-09 1.680980e-11 1.008143e-08 _46550_
 5.100428e-11 9.903636e-09 3.633800e-12 9.958274e-09 _48987_
 4.158377e-09 5.734832e-09 2.595996e-12 9.895806e-09 _47001_
 5.083080e-11 9.802724e-09 3.633800e-12 9.857188e-09 _49035_
 4.518866e-10 9.371802e-09 1.680980e-11 9.840498e-09 _49070_
 4.731186e-09 5.029313e-09 1.446138e-12 9.761945e-09 _49749_
 2.368921e-10 9.519328e-09 1.074300e-12 9.757295e-09 _48415_
 2.398613e-10 9.396789e-09 1.074300e-12 9.637725e-09 _48996_
 4.530608e-10 9.150917e-09 1.680980e-11 9.620788e-09 _46570_
 7.206900e-09 2.395464e-09 1.170192e-12 9.603534e-09 _48624_
 4.657561e-09 4.869806e-09 1.180110e-12 9.528548e-09 _50043_
 5.109109e-11 9.468283e-09 3.633800e-12 9.523007e-09 _49369_
 5.879238e-09 3.610341e-09 2.588967e-12 9.492168e-09 _48302_
 4.725782e-09 4.759853e-09 1.446138e-12 9.487080e-09 _49475_
 2.398348e-10 9.154935e-09 1.074300e-12 9.395845e-09 _46969_
 5.100664e-11 9.329045e-09 3.633800e-12 9.383685e-09 _49306_
 2.398167e-10 9.089515e-09 1.074300e-12 9.330407e-09 _46906_
 2.386234e-10 9.052999e-09 1.074300e-12 9.292697e-09 _46590_
 5.098269e-11 9.090058e-09 3.633800e-12 9.144674e-09 _46613_
 5.098168e-11 9.051258e-09 3.633800e-12 9.105873e-09 _46780_
 5.047719e-11 9.009954e-09 3.633800e-12 9.064064e-09 _47968_
 3.994748e-09 5.055769e-09 1.448074e-12 9.051965e-09 _47465_
 5.088336e-11 8.989279e-09 3.633800e-12 9.043796e-09 _46540_
 4.720557e-09 4.275390e-09 1.446138e-12 8.997393e-09 _49547_
 2.383475e-10 8.628324e-09 1.074300e-12 8.867746e-09 _49247_
 2.386795e-10 8.573482e-09 1.074300e-12 8.813236e-09 _46563_
 5.509619e-09 3.168236e-09 1.792566e-12 8.679648e-09 _48603_
 2.385534e-10 8.407899e-09 1.074300e-12 8.647527e-09 _48230_
 4.358372e-09 4.256500e-09 6.502600e-12 8.621375e-09 _51466_
 2.392498e-10 8.377855e-09 1.074300e-12 8.618179e-09 _49028_
 3.722671e-09 4.864924e-09 1.182755e-12 8.588778e-09 _47668_
 4.512142e-10 8.057914e-09 1.680980e-11 8.525938e-09 _49373_
 2.378486e-10 8.082804e-09 1.074300e-12 8.321727e-09 _49514_
 4.705017e-09 3.570017e-09 1.446138e-12 8.276480e-09 _48430_
 5.512110e-09 2.730345e-09 1.136005e-12 8.243591e-09 _46455_
 2.366826e-10 7.993503e-09 1.074300e-12 8.231260e-09 _50760_
 5.556135e-09 2.637311e-09 1.177465e-12 8.194624e-09 _50808_
 3.980546e-09 4.199916e-09 1.448074e-12 8.181908e-09 _47404_
 3.936520e-09 4.231461e-09 1.182094e-12 8.169163e-09 _47686_
 4.702370e-09 3.397852e-09 1.446138e-12 8.101669e-09 _48386_
 5.083800e-11 8.044693e-09 3.633800e-12 8.099165e-09 _48229_
 2.391153e-10 7.842282e-09 1.074300e-12 8.082472e-09 _46781_
 3.982604e-09 4.090200e-09 1.448074e-12 8.074252e-09 _47072_
 1.687610e-09 6.191480e-09 2.848461e-12 7.881939e-09 _47105_
 1.689123e-09 6.189293e-09 2.849576e-12 7.881265e-09 _46836_
 4.692218e-09 3.174734e-09 1.446138e-12 7.868397e-09 _48251_
 4.705643e-09 3.160140e-09 1.446138e-12 7.867230e-09 _48200_
 4.628525e-09 3.207125e-09 1.180110e-12 7.836831e-09 _48599_
 5.113302e-11 7.755058e-09 3.633800e-12 7.809825e-09 _47111_
 5.505631e-09 2.190471e-09 1.136005e-12 7.697238e-09 _46443_
 5.487331e-09 2.104954e-09 1.136005e-12 7.593421e-09 _46419_
 3.978083e-09 3.593355e-09 1.448074e-12 7.572885e-09 _50731_
 2.391193e-10 7.292326e-09 1.074300e-12 7.532520e-09 _46614_
 2.397908e-10 7.284719e-09 1.074300e-12 7.525585e-09 _47112_
 3.977826e-09 3.537105e-09 1.448074e-12 7.516379e-09 _50815_
 1.125482e-09 6.385446e-09 1.070021e-12 7.511997e-09 _47106_
 3.977195e-09 3.503566e-09 1.448074e-12 7.482209e-09 _50688_
 3.974439e-09 3.496714e-09 1.448074e-12 7.472602e-09 _50949_
 3.975529e-09 3.491174e-09 1.448074e-12 7.468151e-09 _50775_
 5.486045e-09 1.975948e-09 1.136005e-12 7.463130e-09 _46423_
 2.391923e-10 7.205555e-09 1.074300e-12 7.445822e-09 _48976_
 5.493271e-09 1.905175e-09 1.136005e-12 7.399582e-09 _46447_
 5.479436e-09 1.879696e-09 1.136005e-12 7.360268e-09 _46427_
 5.074345e-11 7.273075e-09 3.633800e-12 7.327453e-09 _46635_
 3.970438e-09 3.344586e-09 1.448074e-12 7.316473e-09 _50646_
 2.385812e-10 7.044463e-09 1.074300e-12 7.284118e-09 _46527_
 4.695587e-09 2.568413e-09 1.446138e-12 7.265446e-09 _48418_
 5.448237e-09 1.800689e-09 1.136005e-12 7.250061e-09 _46435_
 3.969040e-09 3.252630e-09 1.448074e-12 7.223119e-09 _50993_
 3.971937e-09 3.245772e-09 1.448074e-12 7.219157e-09 _50597_
 3.504839e-09 3.708990e-09 3.522455e-14 7.213864e-09 _50006_
 4.624542e-09 2.577787e-09 1.180110e-12 7.203509e-09 _48532_
 5.469288e-09 1.714015e-09 1.136005e-12 7.184439e-09 _46415_
 4.672041e-09 2.509778e-09 1.446138e-12 7.183265e-09 _48696_
 5.443908e-09 1.722989e-09 1.136005e-12 7.168033e-09 _46431_
 3.923563e-09 3.228125e-09 1.182094e-12 7.152870e-09 _50915_
 3.526693e-09 3.612711e-09 3.522455e-14 7.139439e-09 _49916_
 4.673660e-09 2.453765e-09 1.446138e-12 7.128870e-09 _48463_
 5.089928e-11 7.066177e-09 3.633800e-12 7.120710e-09 _47177_
 3.924523e-09 3.190414e-09 1.182094e-12 7.116119e-09 _50550_
 4.627185e-09 2.469027e-09 1.180110e-12 7.097392e-09 _49317_
 5.437415e-09 1.654569e-09 1.136005e-12 7.093120e-09 _46207_
 3.923597e-09 3.143963e-09 1.182094e-12 7.068742e-09 _50848_
 5.479427e-09 1.574604e-09 1.136005e-12 7.055167e-09 _46451_
 3.920658e-09 3.133187e-09 1.182094e-12 7.055027e-09 _50881_
 5.468766e-09 1.572371e-09 1.136005e-12 7.042273e-09 _46459_
 2.386518e-10 6.795469e-09 1.074300e-12 7.035195e-09 _47036_
 5.439035e-09 1.590084e-09 1.136005e-12 7.030255e-09 _46439_
 5.022847e-09 1.967509e-09 1.843404e-12 6.992199e-09 _48417_
 3.921016e-09 3.038904e-09 1.182094e-12 6.961101e-09 _50959_
 5.453628e-09 1.493096e-09 1.136005e-12 6.947860e-09 _46410_
 4.605510e-09 2.323532e-09 1.180110e-12 6.930222e-09 _49593_
 4.661402e-09 2.227642e-09 1.446138e-12 6.890491e-09 _48566_
 3.930552e-09 2.948818e-09 1.182094e-12 6.880552e-09 _47382_
 4.591749e-09 2.273069e-09 1.180110e-12 6.865998e-09 _49623_
 4.666008e-09 2.158457e-09 1.446138e-12 6.825911e-09 _49064_
 2.366851e-10 6.547816e-09 1.074300e-12 6.785576e-09 _47794_
 4.596585e-09 2.152903e-09 1.180110e-12 6.750667e-09 _49450_
 4.607672e-09 2.132149e-09 1.180110e-12 6.741001e-09 _49521_
 4.593811e-09 2.143962e-09 1.180110e-12 6.738953e-09 _49380_
 4.592344e-09 2.142650e-09 1.180110e-12 6.736174e-09 _49661_
 4.597774e-09 2.117230e-09 1.180110e-12 6.716184e-09 _49008_
 5.070349e-11 6.589499e-09 3.633800e-12 6.643836e-09 _49513_
 4.588752e-09 2.045891e-09 1.180110e-12 6.635823e-09 _49254_
 4.577949e-09 2.044467e-09 1.180110e-12 6.623596e-09 _49786_
 3.533548e-09 3.079411e-09 3.522455e-14 6.612995e-09 _48502_
 4.589459e-09 2.012779e-09 1.180110e-12 6.603418e-09 _48999_
 4.849203e-09 1.719941e-09 1.118621e-12 6.570262e-09 _46321_
 2.543533e-09 4.007378e-09 3.328740e-14 6.550944e-09 _47281_
 2.540974e-09 4.004191e-09 3.328740e-14 6.545198e-09 _47343_
 4.581715e-09 1.946982e-09 1.180110e-12 6.529876e-09 _49725_
 3.519624e-09 2.969912e-09 3.522455e-14 6.489571e-09 _49686_
 2.539128e-09 3.913064e-09 3.328740e-14 6.452226e-09 _47212_
 3.917108e-09 2.434171e-09 1.182094e-12 6.352462e-09 _47046_
 2.367036e-10 6.064897e-09 1.074300e-12 6.302674e-09 _50718_
 3.498368e-09 2.782079e-09 3.522455e-14 6.280482e-09 _50084_
 3.904050e-09 2.341713e-09 1.182094e-12 6.246946e-09 _47119_
 2.391590e-10 6.005480e-09 1.074300e-12 6.245713e-09 _49440_
 3.948696e-09 2.255213e-09 1.448074e-12 6.205357e-09 _51008_
 3.936861e-09 2.256328e-09 1.448074e-12 6.194637e-09 _50763_
 3.906193e-09 2.276045e-09 1.182094e-12 6.183420e-09 _46850_
 3.935424e-09 2.224885e-09 1.448074e-12 6.161757e-09 _50877_
 5.090106e-11 6.072488e-09 2.844000e-12 6.126233e-09 _48975_
 3.476053e-09 2.648168e-09 3.522455e-14 6.124256e-09 _49962_
 3.891690e-09 2.197296e-09 1.182094e-12 6.090168e-09 _46788_
 3.708305e-09 2.359397e-09 1.831398e-12 6.069533e-09 _50910_
 4.615676e-09 1.392320e-09 1.446138e-12 6.009442e-09 _49116_
 3.885762e-09 2.106003e-09 1.182094e-12 5.992947e-09 _46976_
 3.513859e-09 2.473961e-09 3.522455e-14 5.987855e-09 _49474_
 3.886533e-09 2.072021e-09 1.182094e-12 5.959737e-09 _46566_
 3.885631e-09 1.997377e-09 1.182094e-12 5.884190e-09 _47189_
 3.655580e-09 2.220658e-09 1.182755e-12 5.877420e-09 _50911_
 3.872951e-09 1.987571e-09 1.182094e-12 5.861704e-09 _47256_
 3.923587e-09 1.926105e-09 1.448074e-12 5.851140e-09 _46555_
 3.497596e-09 2.333113e-09 3.522455e-14 5.830743e-09 _48602_
 3.510389e-09 2.316765e-09 3.522455e-14 5.827189e-09 _49748_
 3.873100e-09 1.937289e-09 1.182094e-12 5.811571e-09 _46914_
 3.868771e-09 1.923691e-09 1.182094e-12 5.793644e-09 _47320_
 3.482218e-09 2.286827e-09 3.522455e-14 5.769079e-09 _48598_
 3.508626e-09 2.210052e-09 3.522455e-14 5.718713e-09 _50042_
 2.988950e-09 2.711407e-09 1.827032e-12 5.702185e-09 _48499_
 3.709560e-09 1.984963e-09 1.831398e-12 5.696354e-09 _50762_
 2.386468e-10 5.445109e-09 1.074300e-12 5.684830e-09 _47251_
 3.512675e-09 2.113870e-09 3.522455e-14 5.626581e-09 _48153_
 3.505568e-09 2.103201e-09 3.522455e-14 5.608805e-09 _49807_
 5.076675e-11 5.481911e-09 2.844000e-12 5.535522e-09 _46526_
 1.650462e-09 3.877527e-09 3.171900e-12 5.531160e-09 _49437_
 3.500586e-09 2.010062e-09 3.522455e-14 5.510683e-09 _49546_
 1.633645e-09 3.832958e-09 3.171900e-12 5.469775e-09 _47033_
 3.490157e-09 1.976539e-09 3.522455e-14 5.466732e-09 _48535_
 7.088816e-11 5.378779e-09 4.218100e-12 5.453885e-09 _48281_
 1.644247e-09 3.769271e-09 3.171900e-12 5.416690e-09 _46725_
 2.961205e-09 2.452569e-09 1.184739e-12 5.414959e-09 _47219_
 3.515834e-09 1.849184e-09 3.522455e-14 5.365053e-09 _49866_
 2.984294e-09 2.345713e-09 1.827032e-12 5.331835e-09 _48531_
 5.935746e-10 4.724031e-09 4.958073e-14 5.317656e-09 _48283_
 1.340483e-09 3.956814e-09 1.843248e-12 5.299140e-09 _48282_
 2.517113e-09 2.773908e-09 3.328740e-14 5.291054e-09 _47464_
 3.510110e-09 1.777906e-09 3.522455e-14 5.288051e-09 _49616_
 8.024060e-11 5.189728e-09 3.005880e-14 5.269999e-09 _49581_
 5.089132e-11 5.189741e-09 2.844000e-12 5.243476e-09 _49439_
 3.487930e-09 1.750376e-09 3.522455e-14 5.238342e-09 _48569_
 2.448149e-09 2.771392e-09 1.823758e-12 5.221364e-09 _50844_
 3.023654e-09 2.171062e-09 1.827032e-12 5.196543e-09 _48374_
 3.496566e-09 1.653584e-09 3.522455e-14 5.150185e-09 _49724_
 5.075917e-11 5.055930e-09 2.844000e-12 5.109533e-09 _47035_
 2.525381e-09 2.578225e-09 3.328740e-14 5.103640e-09 _47516_
 5.082291e-09 0.000000e+00 6.529545e-12 5.088820e-09 _59491_
 3.454620e-09 1.634009e-09 3.522455e-14 5.088664e-09 _48660_
 5.079961e-11 5.020713e-09 2.844000e-12 5.074357e-09 _49655_
 1.329818e-09 3.659797e-09 1.826978e-12 4.991442e-09 _47967_
 5.067830e-11 4.814749e-09 2.844000e-12 4.868271e-09 _49583_
 2.261618e-09 2.593293e-09 1.822666e-12 4.856734e-09 _50876_
 2.527083e-09 2.189514e-09 3.328740e-14 4.716631e-09 _50880_
 2.299478e-09 2.396353e-09 1.822666e-12 4.697654e-09 _50719_
 3.468041e-09 1.212355e-09 3.522455e-14 4.680431e-09 _49660_
 2.529209e-09 2.149260e-09 3.328740e-14 4.678502e-09 _47563_
 4.612584e-09 0.000000e+00 6.537629e-12 4.619122e-09 _59410_
 3.506500e-09 1.102904e-09 3.522455e-14 4.609439e-09 _49592_
 3.451820e-09 9.658361e-10 3.522455e-14 4.417692e-09 _50085_
 3.498811e-09 8.921823e-10 3.522455e-14 4.391028e-09 _49449_
 2.530139e-09 1.851936e-09 3.328740e-14 4.382108e-09 _47071_
 4.370114e-09 0.000000e+00 6.529545e-12 4.376643e-09 _59366_
 3.489775e-09 8.826445e-10 3.522455e-14 4.372455e-09 _49316_
 4.364342e-09 0.000000e+00 6.529545e-12 4.370871e-09 _60231_
 3.511366e-09 8.573677e-10 3.522455e-14 4.368769e-09 _48998_
 3.500413e-09 8.563493e-10 3.522455e-14 4.356797e-09 _49007_
 2.537308e-09 1.815853e-09 3.328740e-14 4.353194e-09 _47609_
 2.897517e-09 1.451744e-09 1.184739e-12 4.350445e-09 _46610_
 3.496722e-09 8.431887e-10 3.522455e-14 4.339946e-09 _49379_
 3.469793e-09 8.454981e-10 3.522455e-14 4.315326e-09 _49785_
 3.509238e-09 7.629138e-10 3.522455e-14 4.272187e-09 _49520_
 3.501168e-09 7.576378e-10 3.522455e-14 4.258841e-09 _49253_
 2.518657e-09 1.726138e-09 3.328740e-14 4.244828e-09 _50847_
 2.523890e-09 1.672473e-09 3.328740e-14 4.196396e-09 _47403_
 3.494248e-09 6.769006e-10 3.522455e-14 4.171184e-09 _48199_
 5.037401e-11 4.096274e-09 2.844000e-12 4.149492e-09 _50717_
 4.140756e-09 0.000000e+00 6.530892e-12 4.147287e-09 _59380_
 2.525397e-09 1.601882e-09 3.328740e-14 4.127312e-09 _47142_
 2.514400e-09 1.596706e-09 3.328740e-14 4.111139e-09 _47685_
 2.513790e-09 1.558143e-09 3.328740e-14 4.071966e-09 _50958_
 3.485428e-09 5.509156e-10 3.522455e-14 4.036378e-09 _49053_
 1.315050e-09 2.705520e-09 2.137200e-12 4.022707e-09 _49509_
 2.515716e-09 1.498926e-09 1.418314e-12 4.016060e-09 _53008_
 1.296775e-09 2.707513e-09 2.137200e-12 4.006426e-09 _46963_
 1.308216e-09 2.689960e-09 2.137200e-12 4.000313e-09 _46705_
 1.312501e-09 2.673664e-09 2.137200e-12 3.988302e-09 _49208_
 2.194831e-09 1.765977e-09 3.264167e-14 3.960841e-09 _47646_
 1.305461e-09 2.650453e-09 2.137200e-12 3.958051e-09 _50459_
 1.310472e-09 2.642255e-09 2.137200e-12 3.954864e-09 _48985_
 1.310577e-09 2.642014e-09 2.137200e-12 3.954729e-09 _49071_
 1.364340e-09 2.555978e-09 1.222729e-12 3.921541e-09 _50505_
 3.020058e-09 8.888801e-10 1.827032e-12 3.910765e-09 _48428_
 1.664574e-09 2.234095e-09 2.027867e-12 3.900698e-09 _53041_
 1.302241e-09 2.559290e-09 2.137200e-12 3.863668e-09 _47955_
 2.523940e-09 1.338810e-09 3.328740e-14 3.862783e-09 _47648_
 1.307390e-09 2.545325e-09 2.137200e-12 3.854853e-09 _46753_
 1.307301e-09 2.532291e-09 2.137200e-12 3.841730e-09 _46593_
 1.304873e-09 2.513060e-09 2.137200e-12 3.820070e-09 _48180_
 1.514112e-09 2.298523e-09 2.139200e-12 3.814774e-09 _52905_
 2.966491e-09 8.195846e-10 1.827032e-12 3.787902e-09 _49622_
 1.302261e-09 2.469088e-09 2.137200e-12 3.773486e-09 _46615_
 3.004085e-09 7.567119e-10 1.827032e-12 3.762624e-09 _48468_
 1.302211e-09 2.448791e-09 2.137200e-12 3.753139e-09 _46665_
 3.001722e-09 7.378451e-10 1.827032e-12 3.741395e-09 _48384_
 1.311065e-09 2.415490e-09 2.137200e-12 3.728692e-09 _49162_
 2.966509e-09 7.594801e-10 1.827032e-12 3.727816e-09 _49404_
 3.003488e-09 7.208490e-10 1.827032e-12 3.726164e-09 _48249_
 1.301581e-09 2.407565e-09 2.137200e-12 3.711283e-09 _47976_
 1.304134e-09 2.404184e-09 2.137200e-12 3.710455e-09 _48284_
 3.003521e-09 6.928911e-10 1.827032e-12 3.698239e-09 _49113_
 1.302012e-09 2.388595e-09 2.137200e-12 3.692744e-09 _46837_
 1.306858e-09 2.371541e-09 2.137200e-12 3.680536e-09 _46523_
 1.311522e-09 2.364577e-09 2.137200e-12 3.678236e-09 _49367_
 1.308904e-09 2.353712e-09 2.137200e-12 3.664753e-09 _49041_
 1.301192e-09 2.333503e-09 2.137200e-12 3.636833e-09 _47990_
 1.300504e-09 2.327194e-09 2.137200e-12 3.629835e-09 _50627_
 1.410612e-09 2.210968e-09 1.214586e-12 3.622795e-09 _48154_
 1.301201e-09 2.316217e-09 2.137200e-12 3.619555e-09 _47938_
 1.310385e-09 2.303729e-09 2.137200e-12 3.616251e-09 _50277_
 1.301387e-09 2.311132e-09 2.137200e-12 3.614656e-09 _50402_
 1.301318e-09 2.307693e-09 2.137200e-12 3.611149e-09 _50304_
 1.301515e-09 2.290767e-09 2.137200e-12 3.594419e-09 _46573_
 1.310536e-09 2.279127e-09 2.137200e-12 3.591800e-09 _49304_
 1.303799e-09 2.278622e-09 2.137200e-12 3.584558e-09 _48105_
 3.003495e-09 5.699121e-10 1.827032e-12 3.575235e-09 _48342_
 2.508824e-09 1.065017e-09 3.328740e-14 3.573874e-09 _47319_
 1.295497e-09 2.265979e-09 2.137200e-12 3.563613e-09 _46901_
 1.306312e-09 2.254199e-09 2.137200e-12 3.562648e-09 _46538_
 2.772067e-09 7.823355e-10 6.761277e-12 3.561164e-09 _59335_
 1.310255e-09 2.243456e-09 2.137200e-12 3.555848e-09 _49242_
 1.308339e-09 2.233691e-09 2.137200e-12 3.544168e-09 _49119_
 1.295360e-09 2.239086e-09 2.137200e-12 3.536582e-09 _47107_
 1.301046e-09 2.230837e-09 2.137200e-12 3.534020e-09 _50430_
 1.301087e-09 2.225842e-09 2.137200e-12 3.529066e-09 _47488_
 2.985431e-09 5.404468e-10 1.827032e-12 3.527705e-09 _48300_
 1.301282e-09 2.221283e-09 2.137200e-12 3.524702e-09 _46776_
 2.999563e-09 5.219393e-10 1.827032e-12 3.523329e-09 _49062_
 1.415652e-09 2.102875e-09 1.214586e-12 3.519742e-09 _48155_
 1.303442e-09 2.211604e-09 2.137200e-12 3.517184e-09 _48005_
 4.546250e-11 3.469139e-09 1.818300e-12 3.516420e-09 _46585_
 1.309727e-09 2.203991e-09 2.137200e-12 3.515856e-09 _48973_
 1.228247e-09 2.269219e-09 3.070451e-14 3.497496e-09 _50504_
 1.308106e-09 2.183922e-09 2.137200e-12 3.494165e-09 _49013_
 1.300712e-09 2.163664e-09 2.137200e-12 3.466514e-09 _50308_
 2.524445e-09 9.385763e-10 3.328740e-14 3.463055e-09 _47255_
 1.303187e-09 2.150866e-09 2.137200e-12 3.456190e-09 _48044_
 1.300514e-09 2.152158e-09 2.137200e-12 3.454810e-09 _47931_
 1.300542e-09 2.150292e-09 2.137200e-12 3.452971e-09 _50335_
 4.523765e-11 3.398407e-09 1.818300e-12 3.445463e-09 _45068_
 3.438330e-09 0.000000e+00 6.524156e-12 3.444854e-09 _59376_
 3.436918e-09 0.000000e+00 6.524156e-12 3.443442e-09 _59377_
 3.436670e-09 0.000000e+00 6.520114e-12 3.443190e-09 _59506_
 1.300527e-09 2.139961e-09 2.137200e-12 3.442626e-09 _50318_
 3.435491e-09 0.000000e+00 6.524156e-12 3.442015e-09 _59367_
 3.434882e-09 0.000000e+00 6.524156e-12 3.441406e-09 _59378_
 1.300514e-09 2.138696e-09 2.137200e-12 3.441347e-09 _50364_
 3.434637e-09 0.000000e+00 6.524156e-12 3.441162e-09 _59371_
 3.434018e-09 0.000000e+00 6.524156e-12 3.440543e-09 _59368_
 3.433852e-09 0.000000e+00 6.524156e-12 3.440376e-09 _59373_
 3.433402e-09 0.000000e+00 6.524156e-12 3.439926e-09 _59372_
 3.432809e-09 0.000000e+00 6.524156e-12 3.439333e-09 _59374_
 3.432800e-09 0.000000e+00 6.524156e-12 3.439324e-09 _59370_
 1.299576e-09 2.136010e-09 2.137200e-12 3.437724e-09 _50579_
 3.430207e-09 0.000000e+00 6.524156e-12 3.436731e-09 _59375_
 3.429224e-09 0.000000e+00 6.524156e-12 3.435748e-09 _59379_
 3.427503e-09 0.000000e+00 6.524156e-12 3.434028e-09 _59369_
 1.303030e-09 2.102254e-09 2.137200e-12 3.407422e-09 _48074_
 1.303091e-09 2.095729e-09 2.137200e-12 3.400958e-09 _48135_
 1.309308e-09 2.084520e-09 2.137200e-12 3.395965e-09 _49889_
 1.299597e-09 2.087644e-09 2.137200e-12 3.389378e-09 _50530_
 2.513056e-09 8.721809e-10 3.328740e-14 3.385270e-09 _46787_
 2.522994e-09 8.445158e-10 3.328740e-14 3.367543e-09 _46975_
 2.475484e-09 8.830877e-10 6.502600e-12 3.365075e-09 _59427_
 2.480852e-09 8.742989e-10 6.502600e-12 3.361653e-09 _59522_
 1.302805e-09 2.049885e-09 2.137200e-12 3.354826e-09 _48232_
 1.302793e-09 2.045891e-09 2.137200e-12 3.350822e-09 _50486_
 2.472111e-09 8.686787e-10 6.502600e-12 3.347292e-09 _59331_
 2.463416e-09 8.756247e-10 6.502600e-12 3.345543e-09 _59333_
 2.541258e-09 7.998738e-10 3.328740e-14 3.341166e-09 _46554_
 1.331233e-09 2.002482e-09 1.233586e-12 3.334949e-09 _50507_
 2.419760e-09 8.983235e-10 1.823758e-12 3.319908e-09 _47000_
 2.512525e-09 8.068543e-10 3.328740e-14 3.319412e-09 _47118_
 1.299624e-09 2.010863e-09 2.137200e-12 3.312625e-09 _50349_
 2.462464e-09 8.372518e-10 6.502600e-12 3.306218e-09 _59429_
 2.461799e-09 8.134484e-10 6.502600e-12 3.281750e-09 _59330_
 1.327589e-09 1.943595e-09 9.526300e-12 3.280710e-09 _50831_
 1.329242e-09 1.934261e-09 9.526300e-12 3.273030e-09 _48486_
 2.469763e-09 7.957980e-10 6.502600e-12 3.272064e-09 _59526_
 2.463051e-09 7.924187e-10 6.502600e-12 3.261973e-09 _59426_
 2.503306e-09 7.452723e-10 3.328740e-14 3.248611e-09 _47188_
 2.518127e-09 7.302247e-10 3.328740e-14 3.248385e-09 _46565_
 2.508809e-09 7.383816e-10 3.328740e-14 3.247224e-09 _47045_
 2.516558e-09 7.270771e-10 3.328740e-14 3.243668e-09 _46913_
 2.459226e-09 7.734088e-10 6.502600e-12 3.239137e-09 _59428_
 2.450928e-09 7.655794e-10 6.502600e-12 3.223010e-09 _59430_
 2.464113e-09 7.493597e-10 6.502600e-12 3.219975e-09 _59524_
 2.447346e-09 7.626728e-10 6.502600e-12 3.216522e-09 _60213_
 2.450330e-09 7.631404e-10 1.823758e-12 3.215294e-09 _50813_
 2.454782e-09 7.538991e-10 6.502600e-12 3.215184e-09 _59527_
 2.507162e-09 7.056577e-10 3.328740e-14 3.212854e-09 _46849_
 3.201996e-09 0.000000e+00 6.522809e-12 3.208519e-09 _59397_
 3.200467e-09 0.000000e+00 6.522809e-12 3.206989e-09 _59402_
 3.198885e-09 0.000000e+00 6.522809e-12 3.205408e-09 _59404_
 3.198725e-09 0.000000e+00 6.522809e-12 3.205248e-09 _59408_
 3.197502e-09 0.000000e+00 6.522809e-12 3.204025e-09 _59399_
 3.197437e-09 0.000000e+00 6.520114e-12 3.203958e-09 _59409_
 3.196398e-09 0.000000e+00 6.522809e-12 3.202921e-09 _59403_
 3.195941e-09 0.000000e+00 6.522809e-12 3.202464e-09 _59405_
 3.195461e-09 0.000000e+00 6.522809e-12 3.201984e-09 _59400_
 3.194401e-09 0.000000e+00 6.522809e-12 3.200924e-09 _59406_
 3.194210e-09 0.000000e+00 6.522809e-12 3.200733e-09 _59401_
 3.194011e-09 0.000000e+00 6.522809e-12 3.200534e-09 _59398_
 3.192707e-09 0.000000e+00 6.522809e-12 3.199230e-09 _59407_
 2.461697e-09 7.269889e-10 6.502600e-12 3.195188e-09 _60217_
 2.454420e-09 7.308633e-10 6.502600e-12 3.191786e-09 _60227_
 2.452749e-09 7.287603e-10 6.502600e-12 3.188011e-09 _60234_
 2.458209e-09 7.105041e-10 6.502600e-12 3.175216e-09 _59523_
 2.455510e-09 6.867128e-10 6.502600e-12 3.148726e-09 _59334_
 2.439360e-09 6.973493e-10 6.502600e-12 3.143212e-09 _60223_
 2.451258e-09 6.816503e-10 6.502600e-12 3.139411e-09 _59525_
 4.526271e-11 3.063271e-09 1.818300e-12 3.110352e-09 _46467_
 2.450529e-09 6.400507e-10 1.823758e-12 3.092403e-09 _50595_
 2.377769e-09 6.970322e-10 6.502600e-12 3.081304e-09 _60389_
 2.449540e-09 6.215636e-10 1.823758e-12 3.072927e-09 _50644_
 2.376572e-09 6.868408e-10 6.502600e-12 3.069916e-09 _60385_
 4.533335e-11 3.017917e-09 1.818300e-12 3.065068e-09 _46584_
 2.444685e-09 6.109532e-10 1.823758e-12 3.057462e-09 _51005_
 2.508314e-09 5.480631e-10 3.328740e-14 3.056410e-09 _50549_
 2.437369e-09 6.088112e-10 6.502600e-12 3.052683e-09 _59332_
 2.431479e-09 6.088112e-10 6.502600e-12 3.046793e-09 _59431_
 2.406889e-09 6.237555e-10 1.823758e-12 3.032468e-09 _50914_
 2.444377e-09 5.832401e-10 1.823758e-12 3.029441e-09 _50773_
 2.441478e-09 5.850624e-10 1.823758e-12 3.028364e-09 _50686_
 2.445662e-09 5.328944e-10 1.823758e-12 2.980380e-09 _50729_
 2.164788e-09 8.024079e-10 2.556600e-12 2.969753e-09 _52889_
 2.182512e-09 7.336907e-10 3.264167e-14 2.916236e-09 _47381_
 1.327271e-09 1.564124e-09 2.604900e-12 2.893999e-09 _53023_
 2.214174e-09 6.263125e-10 1.822666e-12 2.842310e-09 _50948_
 1.437284e-09 1.384309e-09 1.214586e-12 2.822808e-09 _49038_
 4.508254e-11 2.755399e-09 1.818300e-12 2.802300e-09 _46469_
 1.316779e-09 1.478808e-09 1.233586e-12 2.796820e-09 _46589_
 1.321249e-09 1.448651e-09 2.604900e-12 2.772504e-09 _52996_
 2.730063e-09 0.000000e+00 6.513378e-12 2.736577e-09 _59482_
 2.729830e-09 0.000000e+00 6.513378e-12 2.736343e-09 _59480_
 2.729672e-09 0.000000e+00 6.513378e-12 2.736185e-09 _59489_
 2.729300e-09 0.000000e+00 6.513378e-12 2.735814e-09 _59485_
 2.728920e-09 0.000000e+00 6.513378e-12 2.735433e-09 _59478_
 2.728541e-09 0.000000e+00 6.513378e-12 2.735055e-09 _59490_
 2.728514e-09 0.000000e+00 6.513378e-12 2.735028e-09 _59484_
 2.728499e-09 0.000000e+00 6.513378e-12 2.735012e-09 _59479_
 2.728126e-09 0.000000e+00 6.513378e-12 2.734640e-09 _60221_
 2.727428e-09 0.000000e+00 6.513378e-12 2.733942e-09 _59477_
 2.726922e-09 0.000000e+00 6.513378e-12 2.733435e-09 _59481_
 2.726901e-09 0.000000e+00 6.513378e-12 2.733414e-09 _59486_
 2.726139e-09 0.000000e+00 6.513378e-12 2.732652e-09 _59483_
 2.725972e-09 0.000000e+00 6.513378e-12 2.732485e-09 _59488_
 2.725513e-09 0.000000e+00 6.513378e-12 2.732027e-09 _59487_
 4.519463e-11 2.672480e-09 1.818300e-12 2.719494e-09 _45070_
 1.232151e-09 1.341337e-09 3.070451e-14 2.573518e-09 _46596_
 1.306054e-09 1.202339e-09 2.604900e-12 2.510998e-09 _46519_
 2.493528e-09 0.000000e+00 6.514725e-12 2.500043e-09 _59495_
 2.493135e-09 0.000000e+00 6.514725e-12 2.499650e-09 _59497_
 2.492949e-09 0.000000e+00 6.514725e-12 2.499464e-09 _59502_
 2.492669e-09 0.000000e+00 6.514725e-12 2.499183e-09 _59498_
 2.492093e-09 0.000000e+00 6.514725e-12 2.498607e-09 _59503_
 2.491571e-09 0.000000e+00 6.514725e-12 2.498086e-09 _59496_
 2.491356e-09 0.000000e+00 6.514725e-12 2.497871e-09 _59504_
 2.490838e-09 0.000000e+00 6.514725e-12 2.497353e-09 _59493_
 2.490633e-09 0.000000e+00 6.514725e-12 2.497148e-09 _59494_
 2.490180e-09 0.000000e+00 6.514725e-12 2.496694e-09 _59501_
 2.488469e-09 0.000000e+00 6.514725e-12 2.494984e-09 _59499_
 2.488117e-09 0.000000e+00 6.514725e-12 2.494632e-09 _59500_
 1.315296e-09 1.106797e-09 2.604900e-12 2.424698e-09 _45080_
 4.505502e-11 2.354339e-09 1.818300e-12 2.401213e-09 _46471_
 4.500014e-11 2.338872e-09 1.818300e-12 2.385691e-09 _46472_
 1.318307e-09 1.060287e-09 2.604900e-12 2.381199e-09 _46477_
 4.549885e-11 2.304007e-09 1.818300e-12 2.351324e-09 _48446_
 4.556834e-11 2.300570e-09 1.818300e-12 2.347957e-09 _50791_
 4.520318e-11 2.271197e-09 1.818300e-12 2.318219e-09 _45514_
 1.272614e-09 1.021345e-09 2.137200e-12 2.296097e-09 _47183_
 1.311099e-09 9.657537e-10 2.604900e-12 2.279457e-09 _46481_
 7.974070e-11 2.197142e-09 3.005880e-14 2.276913e-09 _45072_
 1.675659e-09 5.908658e-10 1.819391e-12 2.268344e-09 _47218_
 1.310174e-09 9.539400e-10 2.604900e-12 2.266719e-09 _45521_
 2.256822e-09 0.000000e+00 6.513378e-12 2.263335e-09 _59505_
 4.512783e-11 2.201952e-09 1.818300e-12 2.248899e-09 _45515_
 1.278905e-09 9.572543e-10 2.137200e-12 2.238297e-09 _45535_
 1.308547e-09 9.257187e-10 2.604900e-12 2.236870e-09 _45517_
 4.527467e-11 2.175537e-09 1.818300e-12 2.222630e-09 _45069_
 8.006126e-11 2.139286e-09 3.005880e-14 2.219377e-09 _49584_
 1.267673e-09 9.277645e-10 1.236300e-12 2.196674e-09 _46639_
 1.345085e-09 8.482882e-10 2.604900e-12 2.195978e-09 _53405_
 4.515672e-11 2.133149e-09 1.818300e-12 2.180124e-09 _45516_
 8.069015e-11 2.097872e-09 3.005880e-14 2.178592e-09 _47179_
 1.231236e-09 9.393750e-10 1.236300e-12 2.171847e-09 _46688_
 4.501076e-11 2.113546e-09 1.818300e-12 2.160375e-09 _46470_
 1.277133e-09 8.803123e-10 2.137200e-12 2.159583e-09 _52967_
 1.360033e-09 7.979775e-10 1.214586e-12 2.159225e-09 _49039_
 1.274327e-09 8.804372e-10 2.137200e-12 2.156901e-09 _50384_
 1.328666e-09 8.252340e-10 2.604900e-12 2.156505e-09 _53398_
 1.308528e-09 8.328724e-10 2.604900e-12 2.144005e-09 _46473_
 1.276839e-09 8.424364e-10 2.137200e-12 2.121413e-09 _46493_
 1.315842e-09 7.780646e-10 9.526300e-12 2.103433e-09 _45533_
 1.231469e-09 8.705353e-10 1.236300e-12 2.103240e-09 _51235_
 1.239047e-09 8.601675e-10 1.236300e-12 2.100450e-09 _47900_
 1.291823e-09 7.935266e-10 2.604900e-12 2.087954e-09 _45084_
 1.257606e-09 8.108163e-10 1.236300e-12 2.069659e-09 _46637_
 1.225287e-09 8.385840e-10 3.070451e-14 2.063901e-09 _46607_
 8.812367e-10 1.171011e-09 1.958000e-13 2.052443e-09 _53007_
 1.301376e-09 7.366101e-10 2.604900e-12 2.040591e-09 _46489_
 1.298834e-09 7.241872e-10 2.604900e-12 2.025626e-09 _52959_
 1.299865e-09 7.076286e-10 2.604900e-12 2.010099e-09 _45088_
 1.290720e-09 7.095470e-10 2.604900e-12 2.002871e-09 _46485_
 1.207601e-09 7.903084e-10 1.236300e-12 1.999146e-09 _46591_
 1.267730e-09 7.180837e-10 2.137200e-12 1.987950e-09 _48025_
 1.291507e-09 6.684637e-10 2.604900e-12 1.962575e-09 _45529_
 4.510847e-11 1.907114e-09 1.818300e-12 1.954041e-09 _45071_
 1.220403e-09 7.098695e-10 1.236300e-12 1.931509e-09 _49150_
 1.215486e-09 7.011509e-10 1.236300e-12 1.917873e-09 _46744_
 1.285146e-09 6.245915e-10 2.604900e-12 1.912342e-09 _52913_
 4.530901e-11 1.845896e-09 1.818300e-12 1.893023e-09 _45513_
 1.280034e-09 5.862359e-10 2.604900e-12 1.868875e-09 _45076_
 1.258534e-09 5.895342e-10 2.137200e-12 1.850205e-09 _52970_
 1.279940e-09 5.595053e-10 2.604900e-12 1.842050e-09 _45073_
 1.278794e-09 5.394395e-10 2.604900e-12 1.820838e-09 _45525_
 1.233512e-09 5.713757e-10 1.236300e-12 1.806124e-09 _49100_
 1.781501e-09 0.000000e+00 6.509336e-12 1.788011e-09 _60229_
 1.780948e-09 0.000000e+00 6.512030e-12 1.787460e-09 _59396_
 1.227071e-09 5.112416e-10 1.236300e-12 1.739549e-09 _49098_
 7.971855e-11 1.652539e-09 3.005880e-14 1.732288e-09 _52912_
 7.561803e-10 9.753113e-10 5.535000e-13 1.732045e-09 _52966_
 4.535959e-11 1.578795e-09 1.818300e-12 1.625973e-09 _45512_
 7.949041e-11 1.507026e-09 3.005880e-14 1.586546e-09 _52958_
 1.548607e-09 0.000000e+00 6.506642e-12 1.555114e-09 _59492_
 7.552562e-10 7.976755e-10 5.535000e-13 1.553485e-09 _52903_
 4.443159e-10 1.100387e-09 1.958000e-13 1.544899e-09 _46494_
 7.554862e-10 7.465995e-10 5.535000e-13 1.502639e-09 _52900_
 8.017596e-11 1.415321e-09 3.005880e-14 1.495527e-09 _49036_
 7.814374e-10 6.828670e-10 6.502600e-12 1.470807e-09 _60390_
 4.456283e-10 1.013702e-09 1.958000e-13 1.459526e-09 _51301_
 4.430226e-10 9.553756e-10 1.958000e-13 1.398594e-09 _46726_
 4.430638e-10 9.391206e-10 1.958000e-13 1.382380e-09 _45093_
 7.535008e-10 6.199736e-10 5.535000e-13 1.374028e-09 _52972_
 1.312852e-09 0.000000e+00 6.505294e-12 1.319358e-09 _60220_
 4.524571e-11 1.258403e-09 1.818300e-12 1.305467e-09 _46468_
 4.419272e-10 8.440864e-10 1.958000e-13 1.286209e-09 _52971_
 4.419027e-10 8.078299e-10 1.958000e-13 1.249928e-09 _48928_
 5.106060e-10 7.333423e-10 2.796000e-13 1.244228e-09 _49588_
 4.369824e-10 7.169031e-10 1.958000e-13 1.154081e-09 _52968_
 4.419315e-10 7.029353e-10 1.958000e-13 1.145063e-09 _46521_
 4.419139e-10 6.777387e-10 1.958000e-13 1.119848e-09 _48924_
 4.419015e-10 6.753209e-10 1.958000e-13 1.117418e-09 _48944_
 4.419038e-10 6.691371e-10 1.958000e-13 1.111237e-09 _48940_
 4.410955e-10 6.516570e-10 1.958000e-13 1.092948e-09 _52987_
 4.356633e-10 6.544636e-10 1.958000e-13 1.090323e-09 _52902_
 4.530512e-11 1.036571e-09 1.818300e-12 1.083694e-09 _46486_
 4.412126e-10 6.359549e-10 1.958000e-13 1.077363e-09 _53013_
 4.532822e-11 1.026951e-09 1.818300e-12 1.074098e-09 _46482_
 4.409872e-10 6.321559e-10 1.958000e-13 1.073339e-09 _48805_
 4.355613e-10 6.132487e-10 1.958000e-13 1.049006e-09 _48956_
 4.355501e-10 6.088157e-10 1.958000e-13 1.044562e-09 _51293_
 4.350684e-10 5.908306e-10 1.958000e-13 1.026095e-09 _51281_
 4.355860e-10 5.673784e-10 1.958000e-13 1.003160e-09 _45536_
 4.409858e-10 5.281026e-10 1.958000e-13 9.692842e-10 _51215_
 4.539985e-11 9.128571e-10 1.818300e-12 9.600752e-10 _45534_
 4.530982e-11 8.874874e-10 1.818300e-12 9.346156e-10 _52960_
 4.541182e-11 7.869281e-10 1.818300e-12 8.341583e-10 _45518_
 4.532316e-11 7.519835e-10 1.818300e-12 7.991249e-10 _46478_
 4.542652e-11 7.363660e-10 1.818300e-12 7.836108e-10 _52914_
 4.533524e-11 7.002359e-10 1.818300e-12 7.473895e-10 _46474_
 7.223624e-10 0.000000e+00 6.502600e-12 7.288650e-10 _59385_
 7.223622e-10 0.000000e+00 6.502600e-12 7.288648e-10 _59355_
 7.223617e-10 0.000000e+00 6.502600e-12 7.288642e-10 _59386_
 7.223604e-10 0.000000e+00 6.502600e-12 7.288630e-10 _59387_
 7.220277e-10 0.000000e+00 6.502600e-12 7.285302e-10 _59359_
 7.220201e-10 0.000000e+00 6.502600e-12 7.285227e-10 _59360_
 7.219649e-10 0.000000e+00 6.502600e-12 7.284675e-10 _59365_
 7.219523e-10 0.000000e+00 6.502600e-12 7.284549e-10 _59364_
 7.219230e-10 0.000000e+00 6.502600e-12 7.284256e-10 _59363_
 7.215381e-10 0.000000e+00 6.502600e-12 7.280407e-10 _59361_
 7.213938e-10 0.000000e+00 6.502600e-12 7.278964e-10 _59352_
 7.213833e-10 0.000000e+00 6.502600e-12 7.278859e-10 _60230_
 7.213758e-10 0.000000e+00 6.502600e-12 7.278784e-10 _59382_
 7.213707e-10 0.000000e+00 6.502600e-12 7.278733e-10 _59354_
 7.213705e-10 0.000000e+00 6.502600e-12 7.278730e-10 _59353_
 7.213596e-10 0.000000e+00 6.502600e-12 7.278622e-10 _59383_
 7.213244e-10 0.000000e+00 6.502600e-12 7.278270e-10 _59384_
 7.213227e-10 0.000000e+00 6.502600e-12 7.278252e-10 _59357_
 7.213159e-10 0.000000e+00 6.502600e-12 7.278185e-10 _59356_
 7.212844e-10 0.000000e+00 6.502600e-12 7.277870e-10 _59358_
 7.212635e-10 0.000000e+00 6.502600e-12 7.277661e-10 _59362_
 7.212501e-10 0.000000e+00 6.502600e-12 7.277526e-10 _59381_
 7.206608e-10 0.000000e+00 6.502600e-12 7.271633e-10 _59388_
 7.206562e-10 0.000000e+00 6.502600e-12 7.271588e-10 _59389_
 7.206523e-10 0.000000e+00 6.502600e-12 7.271548e-10 _59390_
 7.206374e-10 0.000000e+00 6.502600e-12 7.271400e-10 _59391_
 7.205390e-10 0.000000e+00 6.502600e-12 7.270415e-10 _59392_
 7.205370e-10 0.000000e+00 6.502600e-12 7.270395e-10 _59393_
 7.205365e-10 0.000000e+00 6.502600e-12 7.270391e-10 _59395_
 7.205244e-10 0.000000e+00 6.502600e-12 7.270269e-10 _59394_
 7.203018e-10 0.000000e+00 6.502600e-12 7.268043e-10 _60232_
 7.202886e-10 0.000000e+00 6.502600e-12 7.267911e-10 _59351_
 4.539814e-11 6.685555e-10 1.818300e-12 7.157719e-10 _45530_
 4.531356e-11 6.592070e-10 1.818300e-12 7.063389e-10 _46490_
 4.547749e-11 6.573529e-10 1.818300e-12 7.046487e-10 _45526_
 4.541038e-11 5.718685e-10 1.818300e-12 6.190972e-10 _45522_
