     Internal    Switching      Leakage        Total
        Power        Power        Power        Power (Watts)
----------------------------------------------------
 6.849403e-07 1.202096e-06 3.248055e-12 1.887039e-06 _27729_
 5.673244e-07 1.110881e-06 2.622571e-12 1.678208e-06 _27778_
 5.131995e-07 1.003179e-06 2.557420e-12 1.516381e-06 _27814_
 5.015659e-07 9.577792e-07 2.610021e-12 1.459348e-06 _27805_
 4.823347e-07 9.079543e-07 2.665639e-12 1.390292e-06 _27745_
 4.519464e-07 9.355495e-07 2.573602e-12 1.387498e-06 _27823_
 4.591553e-07 8.270841e-07 2.702914e-12 1.286242e-06 _27787_
 4.203337e-07 7.832145e-07 2.563757e-12 1.203551e-06 _27796_
 3.318670e-07 7.717945e-07 2.881433e-12 1.103664e-06 _27939_
 3.643407e-07 6.825550e-07 2.678063e-12 1.046898e-06 _27762_
 3.286570e-07 6.897482e-07 2.678063e-12 1.018408e-06 _27721_
 2.778261e-07 6.661787e-07 2.881433e-12 9.440077e-07 _27922_
 5.613340e-07 2.465039e-07 1.862503e-12 8.078399e-07 _27694_
 2.739518e-07 5.160983e-07 2.887552e-12 7.900530e-07 _27956_
 2.226852e-07 5.277116e-07 2.875661e-12 7.503997e-07 _27947_
 2.726911e-07 4.642925e-07 2.881433e-12 7.369865e-07 _27930_
 2.611106e-07 4.160898e-07 2.891774e-12 6.772033e-07 _27973_
 2.172556e-07 4.541221e-07 2.678063e-12 6.713804e-07 _27712_
 3.717849e-07 2.959831e-07 1.679550e-12 6.677697e-07 _27735_
 2.194165e-07 3.965002e-07 2.870235e-12 6.159196e-07 _27913_
 2.191813e-07 3.848538e-07 2.856035e-12 6.040380e-07 _27964_
 2.042843e-07 3.884373e-07 1.935720e-12 5.927236e-07 _27981_
 1.874868e-07 3.878066e-07 2.722126e-12 5.752962e-07 _27703_
 1.925726e-07 3.691611e-07 1.896511e-12 5.617355e-07 _28026_
 2.032229e-07 3.419409e-07 2.869707e-12 5.451666e-07 _27904_
 3.343982e-07 2.092990e-07 1.628042e-12 5.436988e-07 _27768_
 1.816723e-07 3.529390e-07 1.949871e-12 5.346133e-07 _27990_
 1.972928e-07 3.315051e-07 2.848622e-12 5.288007e-07 _27999_
 3.138677e-07 2.103647e-07 1.679550e-12 5.242341e-07 _27751_
 1.872176e-07 3.290291e-07 2.874141e-12 5.162497e-07 _28008_
 2.796141e-07 1.896531e-07 1.907602e-12 4.692691e-07 _27691_
 1.655048e-07 2.962163e-07 2.848622e-12 4.617240e-07 _28017_
 1.091911e-07 2.627640e-07 5.737860e-13 3.719557e-07 _27767_
 1.033663e-07 2.462480e-07 3.441848e-12 3.496177e-07 _27733_
 1.601108e-07 1.374609e-07 1.161580e-12 2.975729e-07 _27838_
 1.483342e-07 1.428674e-07 1.922924e-12 2.912035e-07 _27774_
 8.338773e-08 2.020772e-07 5.167889e-13 2.854655e-07 _27734_
 1.361502e-07 1.249969e-07 1.152521e-12 2.611482e-07 _27853_
 1.698246e-07 9.084584e-08 1.955781e-12 2.606724e-07 _27776_
 1.699519e-07 8.592390e-08 1.945121e-12 2.558778e-07 _27878_
 1.355823e-07 1.183359e-07 1.152521e-12 2.539193e-07 _27848_
 1.444528e-07 1.054511e-07 1.170198e-12 2.499051e-07 _27808_
 1.645793e-07 8.432570e-08 1.950451e-12 2.489070e-07 _27866_
 1.399237e-07 1.089183e-07 1.161580e-12 2.488432e-07 _27799_
 1.062118e-07 1.367317e-07 3.651270e-12 2.429472e-07 _27766_
 1.253027e-07 1.159123e-07 1.927237e-12 2.412169e-07 _27749_
 1.202310e-07 1.121718e-07 1.159215e-12 2.324040e-07 _27817_
 6.376997e-08 1.651828e-07 1.131321e-12 2.289539e-07 _27824_
 1.343723e-07 9.264253e-08 1.152521e-12 2.270159e-07 _27781_
 1.532116e-07 7.353518e-08 1.961112e-12 2.267488e-07 _27812_
 1.392585e-07 8.287260e-08 1.950451e-12 2.221330e-07 _27785_
 1.454647e-07 7.443963e-08 1.918251e-12 2.199062e-07 _27810_
 1.347319e-07 8.127135e-08 1.927237e-12 2.160051e-07 _27783_
 1.247456e-07 9.088831e-08 1.927237e-12 2.156358e-07 _27725_
 1.479200e-07 6.653828e-08 1.955781e-12 2.144602e-07 _27803_
 1.385007e-07 7.568671e-08 1.931795e-12 2.141893e-07 _27894_
 1.295375e-07 8.421556e-08 1.927237e-12 2.137550e-07 _27741_
 1.345301e-07 7.841176e-08 1.152521e-12 2.129430e-07 _27748_
 7.572233e-08 1.266039e-07 8.897948e-13 2.023271e-07 _27772_
 1.428493e-07 5.893149e-08 1.950451e-12 2.017827e-07 _27872_
 1.437397e-07 5.626058e-08 1.950451e-12 2.000022e-07 _27727_
 1.186370e-07 7.994403e-08 1.170198e-12 1.985822e-07 _27790_
 1.421245e-07 5.391015e-08 1.950451e-12 1.960366e-07 _27743_
 1.381695e-07 5.754009e-08 1.927647e-12 1.957116e-07 _27687_
 1.279417e-07 6.443726e-08 1.961112e-12 1.923810e-07 _27794_
 1.324770e-07 5.948333e-08 1.961112e-12 1.919623e-07 _27821_
 1.181592e-07 6.720192e-08 1.917427e-12 1.853630e-07 _27819_
 1.185188e-07 6.222295e-08 1.922924e-12 1.807437e-07 _27801_
 1.124334e-07 6.198638e-08 1.950451e-12 1.744218e-07 _27760_
 6.316152e-08 1.014438e-07 8.361220e-13 1.646062e-07 _27818_
 1.026420e-07 6.124115e-08 1.950451e-12 1.638851e-07 _27719_
 9.378495e-08 6.787860e-08 1.152521e-12 1.616647e-07 _27715_
 6.945328e-08 9.083743e-08 8.361220e-13 1.602915e-07 _27809_
 1.026289e-07 5.646096e-08 1.152521e-12 1.590910e-07 _27843_
 6.476057e-08 8.689004e-08 9.434672e-13 1.516515e-07 _27723_
 6.341235e-08 8.290552e-08 9.434672e-13 1.463188e-07 _27739_
 6.298825e-08 8.307947e-08 9.434672e-13 1.460687e-07 _27782_
 6.508202e-08 6.986274e-08 8.897948e-13 1.349457e-07 _27800_
 6.221504e-08 6.710155e-08 1.212001e-12 1.293178e-07 _27933_
 6.349061e-08 6.070286e-08 1.152521e-12 1.241946e-07 _27706_
 7.814371e-08 4.581529e-08 1.927237e-12 1.239609e-07 _27717_
 5.606301e-08 6.711222e-08 8.361220e-13 1.231761e-07 _27791_
 8.820553e-08 3.464711e-08 1.927237e-12 1.228546e-07 _27758_
 6.901547e-08 4.647224e-08 1.918251e-12 1.154896e-07 _27792_
 5.474141e-08 5.802094e-08 1.861433e-12 1.127642e-07 _27952_
 7.039561e-08 4.175400e-08 1.937669e-12 1.121516e-07 _27683_
 5.973738e-08 4.834899e-08 1.864885e-12 1.080882e-07 _27969_
 6.564307e-08 4.218630e-08 1.862982e-12 1.078312e-07 _27935_
 7.013665e-08 3.529801e-08 1.950451e-12 1.054366e-07 _27710_
 5.430690e-08 4.811515e-08 1.862982e-12 1.024239e-07 _27926_
 4.469072e-08 5.650551e-08 9.434672e-13 1.011972e-07 _27716_
 5.628923e-08 4.420778e-08 1.236517e-12 1.004982e-07 _28020_
 5.147940e-08 4.542079e-08 1.209175e-12 9.690140e-08 _28041_
 4.874830e-08 4.780053e-08 9.434672e-13 9.654978e-08 _27756_
 5.940629e-08 3.490230e-08 2.003753e-12 9.431059e-08 _27971_
 5.394792e-08 3.994780e-08 1.862982e-12 9.389758e-08 _27986_
 5.475364e-08 3.520289e-08 2.005530e-12 8.995853e-08 _27954_
 5.115491e-08 3.827617e-08 1.203452e-12 8.943228e-08 _27950_
 5.419178e-08 3.492363e-08 1.862982e-12 8.911726e-08 _27918_
 5.473101e-08 3.422742e-08 1.999312e-12 8.896043e-08 _28091_
 5.131569e-08 3.736264e-08 1.212001e-12 8.867955e-08 _27916_
 6.414139e-08 2.438500e-08 2.005530e-12 8.852839e-08 _27937_
 5.919604e-08 2.918326e-08 2.009083e-12 8.838131e-08 _28024_
 5.411692e-08 3.078058e-08 1.859490e-12 8.489936e-08 _27977_
 5.434643e-08 2.860481e-08 2.007307e-12 8.295325e-08 _27979_
 5.839749e-08 2.365310e-08 2.005530e-12 8.205259e-08 _27988_
 5.453954e-08 2.653758e-08 2.005530e-12 8.107912e-08 _27920_
 5.059569e-08 2.978996e-08 1.212001e-12 8.038686e-08 _28056_
 4.234768e-08 3.773261e-08 1.864532e-12 8.008215e-08 _27943_
 4.287200e-08 3.585430e-08 1.861620e-12 7.872816e-08 _28022_
 5.396662e-08 2.248642e-08 2.005530e-12 7.645504e-08 _27928_
 4.168012e-08 3.427459e-08 1.254747e-12 7.595597e-08 _28046_
 3.058329e-08 4.531523e-08 9.434672e-13 7.589946e-08 _27707_
 4.168324e-08 3.403664e-08 1.206229e-12 7.572109e-08 _27967_
 4.806725e-08 2.673914e-08 1.926773e-12 7.480831e-08 _27701_
 4.128838e-08 3.109932e-08 1.220550e-12 7.238891e-08 _28051_
 2.509395e-08 4.642790e-08 4.514684e-13 7.152230e-08 _28027_
 4.137898e-08 2.882460e-08 1.212001e-12 7.020480e-08 _27984_
 4.335691e-08 2.667499e-08 2.009083e-12 7.003391e-08 _27997_
 4.111055e-08 2.844547e-08 1.214898e-12 6.955724e-08 _27993_
 4.221732e-08 2.624301e-08 1.863757e-12 6.846219e-08 _27902_
 4.365299e-08 2.431849e-08 2.005530e-12 6.797348e-08 _27962_
 4.373439e-08 2.318958e-08 2.005530e-12 6.692597e-08 _27945_
 4.374721e-08 2.204266e-08 2.005530e-12 6.579187e-08 _27911_
 2.934870e-08 3.502055e-08 3.888503e-13 6.436964e-08 _27934_
 4.128513e-08 2.283025e-08 1.870730e-12 6.411725e-08 _27960_
 2.849243e-08 3.470278e-08 3.709593e-13 6.319558e-08 _27975_
 3.386922e-08 2.793465e-08 2.007307e-12 6.180588e-08 _28006_
 4.294179e-08 1.860514e-08 1.927237e-12 6.154885e-08 _27708_
 2.471777e-08 3.384382e-08 3.888503e-13 5.856198e-08 _27951_
 4.131904e-08 1.671663e-08 1.866081e-12 5.803754e-08 _27909_
 2.505181e-08 3.282428e-08 3.888503e-13 5.787648e-08 _27917_
 2.531842e-08 3.237207e-08 9.434672e-13 5.769144e-08 _27700_
 2.293022e-08 3.354629e-08 4.067412e-13 5.647691e-08 _27968_
 3.984371e-08 1.552872e-08 1.229099e-12 5.537366e-08 _27907_
 3.101072e-08 2.172289e-08 1.214898e-12 5.273482e-08 _28011_
 2.271631e-08 2.955909e-08 3.888503e-13 5.227579e-08 _27985_
 3.113687e-08 2.095037e-08 1.200577e-12 5.208844e-08 _28002_
 1.573486e-08 3.506926e-08 9.483633e-12 5.081360e-08 _27696_
 2.281975e-08 2.698878e-08 3.530684e-13 4.980889e-08 _28021_
 1.944698e-08 2.984235e-08 3.709593e-13 4.928970e-08 _28003_
 2.452684e-08 2.405480e-08 3.888503e-13 4.858203e-08 _27924_
 3.516981e-08 1.336635e-08 1.942680e-12 4.853810e-08 _27680_
 3.108082e-08 1.617869e-08 1.857901e-12 4.726136e-08 _28004_
 1.981276e-08 2.712211e-08 3.888503e-13 4.693526e-08 _27958_
 1.993080e-08 2.652100e-08 3.888503e-13 4.645218e-08 _27941_
 3.259200e-08 1.303489e-08 2.009083e-12 4.562890e-08 _28015_
 2.574285e-08 1.906331e-08 1.857547e-12 4.480802e-08 _27995_
 2.000645e-08 1.989644e-08 3.888503e-13 3.990327e-08 _27901_
 1.977594e-08 1.906981e-08 3.888503e-13 3.884614e-08 _27908_
 1.549791e-08 1.948792e-08 3.530684e-13 3.498618e-08 _27994_
 1.488093e-08 1.688671e-08 3.530684e-13 3.176799e-08 _28012_
 1.850369e-08 1.179438e-08 1.947691e-12 3.030001e-08 _53045_
 1.966558e-08 9.748335e-09 1.857547e-12 2.941578e-08 _28013_
 7.630443e-09 1.192111e-08 2.026948e-12 1.955358e-08 _52983_
 6.510428e-09 3.803539e-09 1.782326e-12 1.031575e-08 _27673_
 5.356560e-09 8.576693e-10 6.503120e-12 6.220732e-09 _60324_
 1.669336e-09 1.065328e-09 2.027867e-12 2.736691e-09 _27670_
 1.665632e-09 7.987397e-10 2.027867e-12 2.466400e-09 _27658_
 1.662472e-09 7.433829e-10 2.027867e-12 2.407883e-09 _27666_
 1.654003e-09 7.416203e-10 2.027867e-12 2.397651e-09 _52895_
 1.657107e-09 6.560223e-10 2.027867e-12 2.315158e-09 _27655_
 1.645671e-09 5.718651e-10 2.027867e-12 2.219564e-09 _27662_
